Component: ARM Compiler 5.06 update 7 (build 960) Tool: armlink [4d3601]

==============================================================================

Section Cross References

    startup_stm32f103xb.o(STACK) refers (Special) to heapauxi.o(.text) for __use_two_region_memory
    startup_stm32f103xb.o(HEAP) refers (Special) to heapauxi.o(.text) for __use_two_region_memory
    startup_stm32f103xb.o(RESET) refers (Special) to heapauxi.o(.text) for __use_two_region_memory
    startup_stm32f103xb.o(RESET) refers to startup_stm32f103xb.o(STACK) for __initial_sp
    startup_stm32f103xb.o(RESET) refers to startup_stm32f103xb.o(.text) for Reset_Handler
    startup_stm32f103xb.o(RESET) refers to stm32f1xx_it.o(i.NMI_Handler) for NMI_Handler
    startup_stm32f103xb.o(RESET) refers to stm32f1xx_it.o(i.HardFault_Handler) for HardFault_Handler
    startup_stm32f103xb.o(RESET) refers to stm32f1xx_it.o(i.MemManage_Handler) for MemManage_Handler
    startup_stm32f103xb.o(RESET) refers to stm32f1xx_it.o(i.BusFault_Handler) for BusFault_Handler
    startup_stm32f103xb.o(RESET) refers to stm32f1xx_it.o(i.UsageFault_Handler) for UsageFault_Handler
    startup_stm32f103xb.o(RESET) refers to stm32f1xx_it.o(i.SVC_Handler) for SVC_Handler
    startup_stm32f103xb.o(RESET) refers to stm32f1xx_it.o(i.DebugMon_Handler) for DebugMon_Handler
    startup_stm32f103xb.o(RESET) refers to stm32f1xx_it.o(i.PendSV_Handler) for PendSV_Handler
    startup_stm32f103xb.o(RESET) refers to stm32f1xx_it.o(i.SysTick_Handler) for SysTick_Handler
    startup_stm32f103xb.o(RESET) refers to stm32f1xx_it.o(i.EXTI4_IRQHandler) for EXTI4_IRQHandler
    startup_stm32f103xb.o(RESET) refers to stm32f1xx_it.o(i.EXTI9_5_IRQHandler) for EXTI9_5_IRQHandler
    startup_stm32f103xb.o(.text) refers (Special) to heapauxi.o(.text) for __use_two_region_memory
    startup_stm32f103xb.o(.text) refers to system_stm32f1xx.o(i.SystemInit) for SystemInit
    startup_stm32f103xb.o(.text) refers to __main.o(!!!main) for __main
    startup_stm32f103xb.o(.text) refers to startup_stm32f103xb.o(HEAP) for Heap_Mem
    startup_stm32f103xb.o(.text) refers to startup_stm32f103xb.o(STACK) for Stack_Mem
    main.o(i.MX_GPIO_Init) refers to stm32f1xx_hal_gpio.o(i.HAL_GPIO_WritePin) for HAL_GPIO_WritePin
    main.o(i.MX_GPIO_Init) refers to stm32f1xx_hal_gpio.o(i.HAL_GPIO_Init) for HAL_GPIO_Init
    main.o(i.MX_GPIO_Init) refers to stm32f1xx_hal_cortex.o(i.HAL_NVIC_SetPriority) for HAL_NVIC_SetPriority
    main.o(i.MX_GPIO_Init) refers to stm32f1xx_hal_cortex.o(i.HAL_NVIC_EnableIRQ) for HAL_NVIC_EnableIRQ
    main.o(i.MX_TIM3_Init) refers to rt_memclr_w.o(.text) for __aeabi_memclr4
    main.o(i.MX_TIM3_Init) refers to stm32f1xx_hal_tim.o(i.HAL_TIM_PWM_Init) for HAL_TIM_PWM_Init
    main.o(i.MX_TIM3_Init) refers to stm32f1xx_hal_tim_ex.o(i.HAL_TIMEx_MasterConfigSynchronization) for HAL_TIMEx_MasterConfigSynchronization
    main.o(i.MX_TIM3_Init) refers to stm32f1xx_hal_tim.o(i.HAL_TIM_PWM_ConfigChannel) for HAL_TIM_PWM_ConfigChannel
    main.o(i.MX_TIM3_Init) refers to stm32f1xx_hal_msp.o(i.HAL_TIM_MspPostInit) for HAL_TIM_MspPostInit
    main.o(i.MX_TIM3_Init) refers to main.o(.bss) for .bss
    main.o(i.SystemClock_Config) refers to rt_memclr_w.o(.text) for __aeabi_memclr4
    main.o(i.SystemClock_Config) refers to stm32f1xx_hal_rcc.o(i.HAL_RCC_OscConfig) for HAL_RCC_OscConfig
    main.o(i.SystemClock_Config) refers to stm32f1xx_hal_rcc.o(i.HAL_RCC_ClockConfig) for HAL_RCC_ClockConfig
    main.o(i.main) refers to stm32f1xx_hal.o(i.HAL_Init) for HAL_Init
    main.o(i.main) refers to main.o(i.SystemClock_Config) for SystemClock_Config
    main.o(i.main) refers to main.o(i.MX_GPIO_Init) for MX_GPIO_Init
    main.o(i.main) refers to main.o(i.MX_TIM3_Init) for MX_TIM3_Init
    main.o(i.main) refers to stm32f1xx_hal_tim.o(i.HAL_TIM_PWM_Init) for HAL_TIM_PWM_Init
    main.o(i.main) refers to bsp_dwt.o(i.DWT_Init) for DWT_Init
    main.o(i.main) refers to oled.o(i.OLED_Init) for OLED_Init
    main.o(i.main) refers to stepper_motor.o(i.stepper_init) for stepper_init
    main.o(i.main) refers to bsp_dwt.o(i.DWT_GetTimeline_ms) for DWT_GetTimeline_ms
    main.o(i.main) refers to ffix.o(x$fpl$ffix) for __aeabi_f2iz
    main.o(i.main) refers to stepper_motor.o(i.motor_disable) for motor_disable
    main.o(i.main) refers to stm32f1xx_hal_gpio.o(i.HAL_GPIO_ReadPin) for HAL_GPIO_ReadPin
    main.o(i.main) refers to stm32f1xx_hal_gpio.o(i.HAL_GPIO_WritePin) for HAL_GPIO_WritePin
    main.o(i.main) refers to stepper_motor.o(i.motor_enable) for motor_enable
    main.o(i.main) refers to fflt_clz.o(x$fpl$fflt) for __aeabi_i2f
    main.o(i.main) refers to fleqf.o(x$fpl$fleqf) for __aeabi_cfcmple
    main.o(i.main) refers to dflt_clz.o(x$fpl$dflt) for __aeabi_i2d
    main.o(i.main) refers to dmul.o(x$fpl$dmul) for __aeabi_dmul
    main.o(i.main) refers to scalbn.o(x$fpl$scalbn) for __ARM_scalbn
    main.o(i.main) refers to ddiv.o(x$fpl$ddiv) for __aeabi_ddiv
[...]
    _init_user_alloc                          - Undefined Weak Reference
    _initio                                   - Undefined Weak Reference
    _printf_mbtowc                            - Undefined Weak Reference
    _printf_wc                                - Undefined Weak Reference
    _rand_init                                - Undefined Weak Reference
    _signal_finish                            - Undefined Weak Reference
    _signal_init                              - Undefined Weak Reference
    _terminate_alloc                          - Undefined Weak Reference
    _terminate_user_alloc                     - Undefined Weak Reference
    _terminateio                              - Undefined Weak Reference
    __Vectors_Size                           0x000000ec   Number         0  startup_stm32f103xb.o ABSOLUTE
    __Vectors                                0x08000000   Data           4  startup_stm32f103xb.o(RESET)
    __Vectors_End                            0x080000ec   Data           0  startup_stm32f103xb.o(RESET)
    __main                                   0x080000ed   Thumb Code     8  __main.o(!!!main)
    __scatterload                            0x080000f5   Thumb Code     0  __scatter.o(!!!scatter)
    __scatterload_rt2                        0x080000f5   Thumb Code    44  __scatter.o(!!!scatter)
    __scatterload_rt2_thumb_only             0x080000f5   Thumb Code     0  __scatter.o(!!!scatter)
    __scatterload_null                       0x08000103   Thumb Code     0  __scatter.o(!!!scatter)
    __decompress                             0x08000129   Thumb Code    90  __dczerorl2.o(!!dczerorl2)
    __decompress1                            0x08000129   Thumb Code     0  __dczerorl2.o(!!dczerorl2)
    __scatterload_zeroinit                   0x08000185   Thumb Code    28  __scatter_zi.o(!!handler_zi)
    _printf_n                                0x080001a1   Thumb Code     0  _printf_n.o(.ARM.Collect$$_printf_percent$$00000001)
    _printf_percent                          0x080001a1   Thumb Code     0  _printf_percent.o(.ARM.Collect$$_printf_percent$$00000000)
    _printf_p                                0x080001a7   Thumb Code     0  _printf_p.o(.ARM.Collect$$_printf_percent$$00000002)
    _printf_f                                0x080001ad   Thumb Code     0  _printf_f.o(.ARM.Collect$$_printf_percent$$00000003)
    _printf_e                                0x080001b3   Thumb Code     0  _printf_e.o(.ARM.Collect$$_printf_percent$$00000004)
    _printf_g                                0x080001b9   Thumb Code     0  _printf_g.o(.ARM.Collect$$_printf_percent$$00000005)
    _printf_a                                0x080001bf   Thumb Code     0  _printf_a.o(.ARM.Collect$$_printf_percent$$00000006)
    _printf_ll                               0x080001c5   Thumb Code     0  _printf_ll.o(.ARM.Collect$$_printf_percent$$00000007)
    _printf_i                                0x080001cf   Thumb Code     0  _printf_i.o(.ARM.Collect$$_printf_percent$$00000008)
    _printf_d                                0x080001d5   Thumb Code     0  _printf_d.o(.ARM.Collect$$_printf_percent$$00000009)
    _printf_u                                0x080001db   Thumb Code     0  _printf_u.o(.ARM.Collect$$_printf_percent$$0000000A)
    _printf_o                                0x080001e1   Thumb Code     0  _printf_o.o(.ARM.Collect$$_printf_percent$$0000000B)
    _printf_x                                0x080001e7   Thumb Code     0  _printf_x.o(.ARM.Collect$$_printf_percent$$0000000C)
    _printf_lli                              0x080001ed   Thumb Code     0  _printf_lli.o(.ARM.Collect$$_printf_percent$$0000000D)
    _printf_lld                              0x080001f3   Thumb Code     0  _printf_lld.o(.ARM.Collect$$_printf_percent$$0000000E)
    _printf_llu                              0x080001f9   Thumb Code     0  _printf_llu.o(.ARM.Collect$$_printf_percent$$0000000F)
    _printf_llo                              0x080001ff   Thumb Code     0  _printf_llo.o(.ARM.Collect$$_printf_percent$$00000010)
    _printf_llx                              0x08000205   Thumb Code     0  _printf_llx.o(.ARM.Collect$$_printf_percent$$00000011)
    _printf_l                                0x0800020b   Thumb Code     0  _printf_l.o(.ARM.Collect$$_printf_percent$$00000012)
    _printf_c                                0x08000215   Thumb Code     0  _printf_c.o(.ARM.Collect$$_printf_percent$$00000013)
    _printf_s                                0x0800021b   Thumb Code     0  _printf_s.o(.ARM.Collect$$_printf_percent$$00000014)
    _printf_lc                               0x08000221   Thumb Code     0  _printf_lc.o(.ARM.Collect$$_printf_percent$$00000015)
    _printf_ls                               0x08000227   Thumb Code     0  _printf_ls.o(.ARM.Collect$$_printf_percent$$00000016)
    _printf_percent_end                      0x0800022d   Thumb Code     0  _printf_percent_end.o(.ARM.Collect$$_printf_percent$$00000017)
    __rt_lib_init                            0x08000231   Thumb Code     0  libinit.o(.ARM.Collect$$libinit$$00000000)
    __rt_lib_init_fp_1                       0x08000233   Thumb Code     0  libinit2.o(.ARM.Collect$$libinit$$00000002)
    __rt_lib_init_heap_1                     0x08000233   Thumb Code     0  libinit2.o(.ARM.Collect$$libinit$$0000000A)
    __rt_lib_init_lc_common                  0x08000233   Thumb Code     0  libinit2.o(.ARM.Collect$$libinit$$0000000F)
    __rt_lib_init_preinit_1                  0x08000233   Thumb Code     0  libinit2.o(.ARM.Collect$$libinit$$00000004)
    __rt_lib_init_rand_1                     0x08000233   Thumb Code     0  libinit2.o(.ARM.Collect$$libinit$$0000000E)
    __rt_lib_init_user_alloc_1               0x08000233   Thumb Code     0  libinit2.o(.ARM.Collect$$libinit$$0000000C)
    __rt_lib_init_lc_collate_1               0x08000239   Thumb Code     0  libinit2.o(.ARM.Collect$$libinit$$00000011)
    __rt_lib_init_lc_ctype_2                 0x08000239   Thumb Code     0  libinit2.o(.ARM.Collect$$libinit$$00000012)
    __rt_lib_init_lc_ctype_1                 0x08000245   Thumb Code     0  libinit2.o(.ARM.Collect$$libinit$$00000013)
    __rt_lib_init_lc_monetary_1              0x08000245   Thumb Code     0  libinit2.o(.ARM.Collect$$libinit$$00000015)
    __rt_lib_init_lc_numeric_2               0x08000245   Thumb Code     0  libinit2.o(.ARM.Collect$$libinit$$00000016)
    __rt_lib_init_alloca_1                   0x0800024f   Thumb Code     0  libinit2.o(.ARM.Collect$$libinit$$0000002E)
    __rt_lib_init_argv_1                     0x0800024f   Thumb Code     0  libinit2.o(.ARM.Collect$$libinit$$0000002C)
    __rt_lib_init_atexit_1                   0x0800024f   Thumb Code     0  libinit2.o(.ARM.Collect$$libinit$$0000001B)
    __rt_lib_init_clock_1                    0x0800024f   Thumb Code     0  libinit2.o(.ARM.Collect$$libinit$$00000021)
    __rt_lib_init_cpp_1                      0x0800024f   Thumb Code     0  libinit2.o(.ARM.Collect$$libinit$$00000032)
    __rt_lib_init_exceptions_1               0x0800024f   Thumb Code     0  libinit2.o(.ARM.Collect$$libinit$$00000030)
    __rt_lib_init_fp_trap_1                  0x0800024f   Thumb Code     0  libinit2.o(.ARM.Collect$$libinit$$0000001F)
    __rt_lib_init_getenv_1                   0x0800024f   Thumb Code     0  libinit2.o(.ARM.Collect$$libinit$$00000023)
    __rt_lib_init_lc_numeric_1               0x0800024f   Thumb Code     0  libinit2.o(.ARM.Collect$$libinit$$00000017)
    __rt_lib_init_lc_time_1                  0x0800024f   Thumb Code     0  libinit2.o(.ARM.Collect$$libinit$$00000019)
    __rt_lib_init_return                     0x0800024f   Thumb Code     0  libinit2.o(.ARM.Collect$$libinit$$00000033)
    __rt_lib_init_signal_1                   0x0800024f   Thumb Code     0  libinit2.o(.ARM.Collect$$libinit$$0000001D)
    __rt_lib_init_stdio_1                    0x0800024f   Thumb Code     0  libinit2.o(.ARM.Collect$$libinit$$00000025)
    __rt_lib_shutdown                        0x08000251   Thumb Code     0  libshutdown.o(.ARM.Collect$$libshutdown$$00000000)
    __rt_lib_shutdown_cpp_1                  0x08000253   Thumb Code     0  libshutdown2.o(.ARM.Collect$$libshutdown$$00000004)
    __rt_lib_shutdown_fini_1                 0x08000253   Thumb Code     0  libshutdown2.o(.ARM.Collect$$libshutdown$$00000002)
    __rt_lib_shutdown_fp_trap_1              0x08000253   Thumb Code     0  libshutdown2.o(.ARM.Collect$$libshutdown$$00000009)
    __rt_lib_shutdown_heap_1                 0x08000253   Thumb Code     0  libshutdown2.o(.ARM.Collect$$libshutdown$$00000011)
    __rt_lib_shutdown_return                 0x08000253   Thumb Code     0  libshutdown2.o(.ARM.Collect$$libshutdown$$00000012)
    __rt_lib_shutdown_signal_1               0x08000253   Thumb Code     0  libshutdown2.o(.ARM.Collect$$libshutdown$$0000000C)
    __rt_lib_shutdown_stdio_1                0x08000253   Thumb Code     0  libshutdown2.o(.ARM.Collect$$libshutdown$$00000006)
    __rt_lib_shutdown_user_alloc_1           0x08000253   Thumb Code     0  libshutdown2.o(.ARM.Collect$$libshutdown$$0000000E)
    __rt_entry                               0x08000255   Thumb Code     0  __rtentry.o(.ARM.Collect$$rtentry$$00000000)
    __rt_entry_presh_1                       0x08000255   Thumb Code     0  __rtentry2.o(.ARM.Collect$$rtentry$$00000002)
    __rt_entry_sh                            0x08000255   Thumb Code     0  __rtentry4.o(.ARM.Collect$$rtentry$$00000004)
    __rt_entry_li                            0x0800025b   Thumb Code     0  __rtentry2.o(.ARM.Collect$$rtentry$$0000000A)
    __rt_entry_postsh_1                      0x0800025b   Thumb Code     0  __rtentry2.o(.ARM.Collect$$rtentry$$00000009)
    __rt_entry_main                          0x0800025f   Thumb Code     0  __rtentry2.o(.ARM.Collect$$rtentry$$0000000D)
    __rt_entry_postli_1                      0x0800025f   Thumb Code     0  __rtentry2.o(.ARM.Collect$$rtentry$$0000000C)
    __rt_exit                                0x08000267   Thumb Code     0  rtexit.o(.ARM.Collect$$rtexit$$00000000)
    __rt_exit_ls                             0x08000269   Thumb Code     0  rtexit2.o(.ARM.Collect$$rtexit$$00000003)
    __rt_exit_prels_1                        0x08000269   Thumb Code     0  rtexit2.o(.ARM.Collect$$rtexit$$00000002)
    __rt_exit_exit                           0x0800026d   Thumb Code     0  rtexit2.o(.ARM.Collect$$rtexit$$00000004)
    Reset_Handler                            0x08000275   Thumb Code     8  startup_stm32f103xb.o(.text)
    ADC1_2_IRQHandler                        0x0800028f   Thumb Code     0  startup_stm32f103xb.o(.text)
    CAN1_RX1_IRQHandler                      0x0800028f   Thumb Code     0  startup_stm32f103xb.o(.text)
    CAN1_SCE_IRQHandler                      0x0800028f   Thumb Code     0  startup_stm32f103xb.o(.text)
    DMA1_Channel1_IRQHandler                 0x0800028f   Thumb Code     0  startup_stm32f103xb.o(.text)
    DMA1_Channel2_IRQHandler                 0x0800028f   Thumb Code     0  startup_stm32f103xb.o(.text)
    DMA1_Channel3_IRQHandler                 0x0800028f   Thumb Code     0  startup_stm32f103xb.o(.text)
    DMA1_Channel4_IRQHandler                 0x0800028f   Thumb Code     0  startup_stm32f103xb.o(.text)
    DMA1_Channel5_IRQHandler                 0x0800028f   Thumb Code     0  startup_stm32f103xb.o(.text)
    DMA1_Channel6_IRQHandler                 0x0800028f   Thumb Code     0  startup_stm32f103xb.o(.text)
    DMA1_Channel7_IRQHandler                 0x0800028f   Thumb Code     0  startup_stm32f103xb.o(.text)
    EXTI0_IRQHandler                         0x0800028f   Thumb Code     0  startup_stm32f103xb.o(.text)
    EXTI15_10_IRQHandler                     0x0800028f   Thumb Code     0  startup_stm32f103xb.o(.text)
    EXTI1_IRQHandler                         0x0800028f   Thumb Code     0  startup_stm32f103xb.o(.text)
    EXTI2_IRQHandler                         0x0800028f   Thumb Code     0  startup_stm32f103xb.o(.text)
    EXTI3_IRQHandler                         0x0800028f   Thumb Code     0  startup_stm32f103xb.o(.text)
    FLASH_IRQHandler                         0x0800028f   Thumb Code     0  startup_stm32f103xb.o(.text)
    I2C1_ER_IRQHandler                       0x0800028f   Thumb Code     0  startup_stm32f103xb.o(.text)
    I2C1_EV_IRQHandler                       0x0800028f   Thumb Code     0  startup_stm32f103xb.o(.text)
    I2C2_ER_IRQHandler                       0x0800028f   Thumb Code     0  startup_stm32f103xb.o(.text)
    I2C2_EV_IRQHandler                       0x0800028f   Thumb Code     0  startup_stm32f103xb.o(.text)
    PVD_IRQHandler                           0x0800028f   Thumb Code     0  startup_stm32f103xb.o(.text)
    RCC_IRQHandler                           0x0800028f   Thumb Code     0  startup_stm32f103xb.o(.text)
    RTC_Alarm_IRQHandler                     0x0800028f   Thumb Code     0  startup_stm32f103xb.o(.text)
    RTC_IRQHandler                           0x0800028f   Thumb Code     0  startup_stm32f103xb.o(.text)
    SPI1_IRQHandler                          0x0800028f   Thumb Code     0  startup_stm32f103xb.o(.text)
    SPI2_IRQHandler                          0x0800028f   Thumb Code     0  startup_stm32f103xb.o(.text)
    TAMPER_IRQHandler                        0x0800028f   Thumb Code     0  startup_stm32f103xb.o(.text)
    TIM1_BRK_IRQHandler                      0x0800028f   Thumb Code     0  startup_stm32f103xb.o(.text)
    TIM1_CC_IRQHandler                       0x0800028f   Thumb Code     0  startup_stm32f103xb.o(.text)
    TIM1_TRG_COM_IRQHandler                  0x0800028f   Thumb Code     0  startup_stm32f103xb.o(.text)
    TIM1_UP_IRQHandler                       0x0800028f   Thumb Code     0  startup_stm32f103xb.o(.text)
    TIM2_IRQHandler                          0x0800028f   Thumb Code     0  startup_stm32f103xb.o(.text)
    TIM3_IRQHandler                          0x0800028f   Thumb Code     0  startup_stm32f103xb.o(.text)
    TIM4_IRQHandler                          0x0800028f   Thumb Code     0  startup_stm32f103xb.o(.text)
    USART1_IRQHandler                        0x0800028f   Thumb Code     0  startup_stm32f103xb.o(.text)
    USART2_IRQHandler                        0x0800028f   Thumb Code     0  startup_stm32f103xb.o(.text)
    USART3_IRQHandler                        0x0800028f   Thumb Code     0  startup_stm32f103xb.o(.text)
    USBWakeUp_IRQHandler                     0x0800028f   Thumb Code     0  startup_stm32f103xb.o(.text)
    USB_HP_CAN1_TX_IRQHandler                0x0800028f   Thumb Code     0  startup_stm32f103xb.o(.text)
    USB_LP_CAN1_RX0_IRQHandler               0x0800028f   Thumb Code     0  startup_stm32f103xb.o(.text)
    WWDG_IRQHandler                          0x0800028f   Thumb Code     0  startup_stm32f103xb.o(.text)
    __user_initial_stackheap                 0x08000291   Thumb Code     0  startup_stm32f103xb.o(.text)
    __aeabi_uldivmod                         0x080002b5   Thumb Code     0  lludivv7m.o(.text)
    _ll_udiv                                 0x080002b5   Thumb Code   238  lludivv7m.o(.text)
    vsprintf                                 0x080003a5   Thumb Code    32  vsprintf.o(.text)
    __aeabi_memcpy                           0x080003c9   Thumb Code     0  rt_memcpy_v6.o(.text)
    __rt_memcpy                              0x080003c9   Thumb Code   138  rt_memcpy_v6.o(.text)
    _memcpy_lastbytes                        0x0800042f   Thumb Code     0  rt_memcpy_v6.o(.text)
    __aeabi_memclr4                          0x08000453   Thumb Code     0  rt_memclr_w.o(.text)
    __aeabi_memclr8                          0x08000453   Thumb Code     0  rt_memclr_w.o(.text)
    __rt_memclr_w                            0x08000453   Thumb Code    78  rt_memclr_w.o(.text)
    _memset_w                                0x08000457   Thumb Code     0  rt_memclr_w.o(.text)
    strcmp                                   0x080004a1   Thumb Code   128  strcmpv7m.o(.text)
    __use_two_region_memory                  0x08000521   Thumb Code     2  heapauxi.o(.text)
    __rt_heap_escrow$2region                 0x08000523   Thumb Code     2  heapauxi.o(.text)
    __rt_heap_expand$2region                 0x08000525   Thumb Code     2  heapauxi.o(.text)
    __read_errno                             0x08000527   Thumb Code    10  _rserrno.o(.text)
    __set_errno                              0x08000531   Thumb Code    12  _rserrno.o(.text)
    _printf_pre_padding                      0x0800053d   Thumb Code    44  _printf_pad.o(.text)
    _printf_post_padding                     0x08000569   Thumb Code    34  _printf_pad.o(.text)
    _printf_truncate_signed                  0x0800058b   Thumb Code    18  _printf_truncate.o(.text)
    _printf_truncate_unsigned                0x0800059d   Thumb Code    18  _printf_truncate.o(.text)
    _printf_str                              0x080005af   Thumb Code    82  _printf_str.o(.text)
    _printf_int_dec                          0x08000601   Thumb Code   104  _printf_dec.o(.text)
    _printf_charcount                        0x08000679   Thumb Code    40  _printf_charcount.o(.text)
    _printf_char_common                      0x080006ab   Thumb Code    32  _printf_char_common.o(.text)
    _sputc                                   0x080006d1   Thumb Code    10  _sputc.o(.text)
    _printf_wctomb                           0x080006dd   Thumb Code   182  _printf_wctomb.o(.text)
    _printf_longlong_dec                     0x08000799   Thumb Code   108  _printf_longlong_dec.o(.text)
    _printf_longlong_oct                     0x08000815   Thumb Code    66  _printf_oct_int_ll.o(.text)
    _printf_int_oct                          0x08000857   Thumb Code    24  _printf_oct_int_ll.o(.text)
    _printf_ll_oct                           0x0800086f   Thumb Code    12  _printf_oct_int_ll.o(.text)
    _printf_longlong_hex                     0x08000885   Thumb Code    86  _printf_hex_int_ll_ptr.o(.text)
    _printf_int_hex                          0x080008db   Thumb Code    28  _printf_hex_int_ll_ptr.o(.text)
    _printf_ll_hex                           0x080008f7   Thumb Code    12  _printf_hex_int_ll_ptr.o(.text)
    _printf_hex_ptr                          0x08000903   Thumb Code    18  _printf_hex_int_ll_ptr.o(.text)
    __printf                                 0x08000919   Thumb Code   388  __printf_flags_ss_wp.o(.text)
    __aeabi_memcpy4                          0x08000aa1   Thumb Code     0  rt_memcpy_w.o(.text)
    __aeabi_memcpy8                          0x08000aa1   Thumb Code     0  rt_memcpy_w.o(.text)
    __rt_memcpy_w                            0x08000aa1   Thumb Code   100  rt_memcpy_w.o(.text)
    _memcpy_lastbytes_aligned                0x08000ae9   Thumb Code     0  rt_memcpy_w.o(.text)
    __aeabi_errno_addr                       0x08000b05   Thumb Code     8  rt_errno_addr_intlibspace.o(.text)
    __errno$intlibspace                      0x08000b05   Thumb Code     0  rt_errno_addr_intlibspace.o(.text)
    __rt_errno_addr$intlibspace              0x08000b05   Thumb Code     0  rt_errno_addr_intlibspace.o(.text)
    _ll_udiv10                               0x08000b0d   Thumb Code   138  lludiv10.o(.text)
    _printf_int_common                       0x08000b97   Thumb Code   178  _printf_intcommon.o(.text)
    __lib_sel_fp_printf                      0x08000c49   Thumb Code     2  _printf_fp_dec.o(.text)
    _printf_fp_dec_real                      0x08000dfb   Thumb Code   620  _printf_fp_dec.o(.text)
    _printf_fp_hex_real                      0x08001069   Thumb Code   756  _printf_fp_hex.o(.text)
    _printf_cs_common                        0x08001365   Thumb Code    20  _printf_char.o(.text)
    _printf_char                             0x08001379   Thumb Code    16  _printf_char.o(.text)
    _printf_string                           0x08001389   Thumb Code     8  _printf_char.o(.text)
    _printf_lcs_common                       0x08001391   Thumb Code    20  _printf_wchar.o(.text)
    _printf_wchar                            0x080013a5   Thumb Code    16  _printf_wchar.o(.text)
    _printf_wstring                          0x080013b5   Thumb Code     8  _printf_wchar.o(.text)
    _wcrtomb                                 0x080013bd   Thumb Code    64  _wcrtomb.o(.text)
    __user_libspace                          0x080013fd   Thumb Code     8  libspace.o(.text)
    __user_perproc_libspace                  0x080013fd   Thumb Code     0  libspace.o(.text)
    __user_perthread_libspace                0x080013fd   Thumb Code     0  libspace.o(.text)
    __user_setup_stackheap                   0x08001405   Thumb Code    74  sys_stackheap_outer.o(.text)
    __rt_ctype_table                         0x08001451   Thumb Code    16  rt_ctype_table.o(.text)
    __rt_locale                              0x08001461   Thumb Code     8  rt_locale_intlibspace.o(.text)
    _printf_fp_infnan                        0x08001469   Thumb Code   112  _printf_fp_infnan.o(.text)
    _btod_etento                             0x080014e9   Thumb Code   224  bigflt0.o(.text)
    exit                                     0x080015cd   Thumb Code    18  exit.o(.text)
    _sys_exit                                0x080015e1   Thumb Code     8  sys_exit.o(.text)
    __I$use$semihosting                      0x080015ed   Thumb Code     0  use_no_semi.o(.text)
    __use_no_semihosting_swi                 0x080015ed   Thumb Code     2  use_no_semi.o(.text)
    __semihosting_library_function           0x080015ef   Thumb Code     0  indicate_semi.o(.text)
    _btod_d2e                                0x080015ef   Thumb Code    62  btod.o(CL$$btod_d2e)
    _d2e_denorm_low                          0x0800162d   Thumb Code    70  btod.o(CL$$btod_d2e_denorm_low)
    _d2e_norm_op1                            0x08001673   Thumb Code    96  btod.o(CL$$btod_d2e_norm_op1)
    __btod_div_common                        0x080016d3   Thumb Code   696  btod.o(CL$$btod_div_common)
    _e2e                                     0x08001a0b   Thumb Code   220  btod.o(CL$$btod_e2e)
    _btod_ediv                               0x08001ae7   Thumb Code    42  btod.o(CL$$btod_ediv)
    _btod_emul                               0x08001b11   Thumb Code    42  btod.o(CL$$btod_emul)
    __btod_mult_common                       0x08001b3b   Thumb Code   580  btod.o(CL$$btod_mult_common)
    BusFault_Handler                         0x08001d7f   Thumb Code     2  stm32f1xx_it.o(i.BusFault_Handler)
    DWT_GetTimeline_ms                       0x08001db5   Thumb Code    52  bsp_dwt.o(i.DWT_GetTimeline_ms)
    DWT_Init                                 0x08001df1   Thumb Code    56  bsp_dwt.o(i.DWT_Init)
    DWT_SysTimeUpdate                        0x08001e39   Thumb Code   130  bsp_dwt.o(i.DWT_SysTimeUpdate)
    DebugMon_Handler                         0x08001ec5   Thumb Code     2  stm32f1xx_it.o(i.DebugMon_Handler)
    EXTI4_IRQHandler                         0x08001ec7   Thumb Code     6  stm32f1xx_it.o(i.EXTI4_IRQHandler)
    EXTI9_5_IRQHandler                       0x08001ecd   Thumb Code    24  stm32f1xx_it.o(i.EXTI9_5_IRQHandler)
    HAL_Delay                                0x08001ee5   Thumb Code    32  stm32f1xx_hal.o(i.HAL_Delay)
    HAL_GPIO_EXTI_Callback                   0x08001f09   Thumb Code   108  key_operate.o(i.HAL_GPIO_EXTI_Callback)
    HAL_GPIO_EXTI_IRQHandler                 0x08001f85   Thumb Code    18  stm32f1xx_hal_gpio.o(i.HAL_GPIO_EXTI_IRQHandler)
    HAL_GPIO_Init                            0x08001f9d   Thumb Code   418  stm32f1xx_hal_gpio.o(i.HAL_GPIO_Init)
    HAL_GPIO_ReadPin                         0x0800215d   Thumb Code    10  stm32f1xx_hal_gpio.o(i.HAL_GPIO_ReadPin)
    HAL_GPIO_WritePin                        0x08002167   Thumb Code    10  stm32f1xx_hal_gpio.o(i.HAL_GPIO_WritePin)
    HAL_GetTick                              0x08002171   Thumb Code     6  stm32f1xx_hal.o(i.HAL_GetTick)
    HAL_IncTick                              0x0800217d   Thumb Code    12  stm32f1xx_hal.o(i.HAL_IncTick)
    HAL_Init                                 0x0800218d   Thumb Code    32  stm32f1xx_hal.o(i.HAL_Init)
    HAL_InitTick                             0x080021b1   Thumb Code    54  stm32f1xx_hal.o(i.HAL_InitTick)
    HAL_MspInit                              0x080021f1   Thumb Code    38  stm32f1xx_hal_msp.o(i.HAL_MspInit)
    HAL_NVIC_EnableIRQ                       0x0800221d   Thumb Code    26  stm32f1xx_hal_cortex.o(i.HAL_NVIC_EnableIRQ)
    HAL_NVIC_SetPriority                     0x08002239   Thumb Code    60  stm32f1xx_hal_cortex.o(i.HAL_NVIC_SetPriority)
    HAL_NVIC_SetPriorityGrouping             0x08002279   Thumb Code    26  stm32f1xx_hal_cortex.o(i.HAL_NVIC_SetPriorityGrouping)
    HAL_RCC_ClockConfig                      0x0800229d   Thumb Code   280  stm32f1xx_hal_rcc.o(i.HAL_RCC_ClockConfig)
    HAL_RCC_GetPCLK2Freq                     0x080023c9   Thumb Code    20  stm32f1xx_hal_rcc.o(i.HAL_RCC_GetPCLK2Freq)
    HAL_RCC_GetSysClockFreq                  0x080023e9   Thumb Code    58  stm32f1xx_hal_rcc.o(i.HAL_RCC_GetSysClockFreq)
    HAL_RCC_OscConfig                        0x08002435   Thumb Code   778  stm32f1xx_hal_rcc.o(i.HAL_RCC_OscConfig)
    HAL_SYSTICK_Config                       0x08002755   Thumb Code    40  stm32f1xx_hal_cortex.o(i.HAL_SYSTICK_Config)
    HAL_TIMEx_MasterConfigSynchronization    0x0800277d   Thumb Code    86  stm32f1xx_hal_tim_ex.o(i.HAL_TIMEx_MasterConfigSynchronization)
    HAL_TIM_MspPostInit                      0x080027dd   Thumb Code    62  stm32f1xx_hal_msp.o(i.HAL_TIM_MspPostInit)
    HAL_TIM_PWM_ConfigChannel                0x08002829   Thumb Code   204  stm32f1xx_hal_tim.o(i.HAL_TIM_PWM_ConfigChannel)
    HAL_TIM_PWM_Init                         0x080028f5   Thumb Code    90  stm32f1xx_hal_tim.o(i.HAL_TIM_PWM_Init)
    HAL_TIM_PWM_MspInit                      0x08002951   Thumb Code    30  stm32f1xx_hal_msp.o(i.HAL_TIM_PWM_MspInit)
    HAL_TIM_PWM_Start                        0x08002979   Thumb Code   138  stm32f1xx_hal_tim.o(i.HAL_TIM_PWM_Start)
    HAL_TIM_PWM_Stop                         0x08002a0d   Thumb Code   108  stm32f1xx_hal_tim.o(i.HAL_TIM_PWM_Stop)
    HardFault_Handler                        0x08002a7d   Thumb Code     2  stm32f1xx_it.o(i.HardFault_Handler)
    Key_Back_Get                             0x08002a81   Thumb Code    18  key_operate.o(i.Key_Back_Get)
    Key_Down_Get                             0x08002a99   Thumb Code    18  key_operate.o(i.Key_Down_Get)
    Key_Enter_Get                            0x08002ab1   Thumb Code    18  key_operate.o(i.Key_Enter_Get)
    Key_Up_Get                               0x08002ac9   Thumb Code    18  key_operate.o(i.Key_Up_Get)
    MemManage_Handler                        0x08002c35   Thumb Code     2  stm32f1xx_it.o(i.MemManage_Handler)
    Menu_BackEvent                           0x08002c37   Thumb Code     4  menu.o(i.Menu_BackEvent)
    Menu_CurveMigration                      0x08002c3b   Thumb Code    70  menu.o(i.Menu_CurveMigration)
    Menu_EnterEvent                          0x08002c81   Thumb Code     4  menu.o(i.Menu_EnterEvent)
    Menu_GetOptionStrLen                     0x08002c85   Thumb Code    36  menu.o(i.Menu_GetOptionStrLen)
    Menu_Information                         0x08002ca9   Thumb Code   176  menu_data.o(i.Menu_Information)
    Menu_MenuClassInit                       0x08002d91   Thumb Code   302  menu.o(i.Menu_MenuClassInit)
    Menu_PrintfOptionStr                     0x08002ec5   Thumb Code    50  menu.o(i.Menu_PrintfOptionStr)
    Menu_RollEvent                           0x08002ef7   Thumb Code    26  menu.o(i.Menu_RollEvent)
    Menu_RunMainMenu                         0x08002f11   Thumb Code    48  menu_data.o(i.Menu_RunMainMenu)
    Menu_RunSettingMenu                      0x08002f49   Thumb Code    28  menu_setting.o(i.Menu_RunSettingMenu)
    Menu_RunToolsMenu                        0x08002f69   Thumb Code    28  menu_data.o(i.Menu_RunToolsMenu)
    Menu_RunWindow                           0x08002f89   Thumb Code   654  menu.o(i.Menu_RunWindow)
    Menu_ShowCursor                          0x0800321d   Thumb Code   224  menu.o(i.Menu_ShowCursor)
    Menu_ShowWallpaper                       0x08003309   Thumb Code    12  menu.o(i.Menu_ShowWallpaper)
    Menu_Start                               0x08003319   Thumb Code    40  menu_data.o(i.Menu_Start)
    NMI_Handler                              0x08003345   Thumb Code     2  stm32f1xx_it.o(i.NMI_Handler)
    OLED_Clear                               0x08003349   Thumb Code    34  oled.o(i.OLED_Clear)
    OLED_ClearArea                           0x08003371   Thumb Code    94  oled.o(i.OLED_ClearArea)
    OLED_DrawPoint                           0x080033d5   Thumb Code    34  oled.o(i.OLED_DrawPoint)
    OLED_DrawRectangle                       0x080033fd   Thumb Code   114  oled.o(i.OLED_DrawRectangle)
    OLED_GPIO_Init                           0x0800346f   Thumb Code    38  oled.o(i.OLED_GPIO_Init)
    OLED_I2C_SendByte                        0x08003495   Thumb Code    58  oled.o(i.OLED_I2C_SendByte)
    OLED_I2C_Start                           0x080034cf   Thumb Code    30  oled.o(i.OLED_I2C_Start)
    OLED_I2C_Stop                            0x080034ed   Thumb Code    24  oled.o(i.OLED_I2C_Stop)
    OLED_Init                                0x08003505   Thumb Code   156  oled.o(i.OLED_Init)
    OLED_MyShowChinese                       0x080035a1   Thumb Code   222  oled_patch_byadam.o(i.OLED_MyShowChinese)
    OLED_ReverseArea                         0x08003691   Thumb Code    94  oled.o(i.OLED_ReverseArea)
    OLED_Rotation_Block                      0x080036f5   Thumb Code   386  oled_patch_byadam.o(i.OLED_Rotation_Block)
    OLED_SetCursor                           0x08003885   Thumb Code    34  oled.o(i.OLED_SetCursor)
    OLED_ShowChar                            0x080038a9   Thumb Code    52  oled.o(i.OLED_ShowChar)
    OLED_ShowImage                           0x080038e5   Thumb Code   318  oled_patch_byadam.o(i.OLED_ShowImage)
    OLED_ShowString                          0x08003a29   Thumb Code   168  oled_patch_byadam.o(i.OLED_ShowString)
    OLED_ShowStringArea                      0x08003ad1   Thumb Code   260  oled_patch_byadam.o(i.OLED_ShowStringArea)
    OLED_Update                              0x08003bd5   Thumb Code    34  oled.o(i.OLED_Update)
    OLED_W_SCL                               0x08003bfd   Thumb Code    12  oled.o(i.OLED_W_SCL)
    OLED_W_SDA                               0x08003c0d   Thumb Code    12  oled.o(i.OLED_W_SDA)
    OLED_WriteCommand                        0x08003c1d   Thumb Code    34  oled.o(i.OLED_WriteCommand)
    OLED_WriteData                           0x08003c3f   Thumb Code    48  oled.o(i.OLED_WriteData)
    PendSV_Handler                           0x08003c6f   Thumb Code     2  stm32f1xx_it.o(i.PendSV_Handler)
    SVC_Handler                              0x08003c71   Thumb Code     2  stm32f1xx_it.o(i.SVC_Handler)
    Set_CursorStyle                          0x08003c75   Thumb Code    44  menu_setting.o(i.Set_CursorStyle)
    Set_Speed                                0x08003cf1   Thumb Code    94  stepper_motor.o(i.Set_Speed)
    Set_Stop_Time                            0x08003de5   Thumb Code   110  stepper_motor.o(i.Set_Stop_Time)
    Set_Time                                 0x08003ee5   Thumb Code   100  stepper_motor.o(i.Set_Time)
    Set_Ver_Time                             0x08003fc9   Thumb Code    90  stepper_motor.o(i.Set_Ver_Time)
    Set_animation_speed                      0x0800409d   Thumb Code   106  menu_setting.o(i.Set_animation_speed)
    Step_Ver                                 0x08004171   Thumb Code    52  stepper_motor.o(i.Step_Ver)
    SysTick_Handler                          0x080041bd   Thumb Code     4  stm32f1xx_it.o(i.SysTick_Handler)
    SystemClock_Config                       0x080041c1   Thumb Code    94  main.o(i.SystemClock_Config)
    SystemInit                               0x0800421f   Thumb Code     2  system_stm32f1xx.o(i.SystemInit)
    TIM_Base_SetConfig                       0x08004221   Thumb Code    84  stm32f1xx_hal_tim.o(i.TIM_Base_SetConfig)
    TIM_CCxChannelCmd                        0x0800427d   Thumb Code    26  stm32f1xx_hal_tim.o(i.TIM_CCxChannelCmd)
    TIM_OC2_SetConfig                        0x080042e9   Thumb Code    84  stm32f1xx_hal_tim.o(i.TIM_OC2_SetConfig)
    UsageFault_Handler                       0x080043dd   Thumb Code     2  stm32f1xx_it.o(i.UsageFault_Handler)
    __ARM_fpclassify                         0x080043df   Thumb Code    40  fpclassify.o(i.__ARM_fpclassify)
    __ieee754_rem_pio2                       0x08004429   Thumb Code   828  rred.o(i.__ieee754_rem_pio2)
    __kernel_cos                             0x080047b1   Thumb Code   230  cos_i.o(i.__kernel_cos)
    __kernel_poly                            0x080048ad   Thumb Code   170  poly.o(i.__kernel_poly)
    __kernel_sin                             0x08004959   Thumb Code   224  sin_i.o(i.__kernel_sin)
    __mathlib_dbl_infnan                     0x08004a45   Thumb Code     6  dunder.o(i.__mathlib_dbl_infnan)
    __mathlib_dbl_invalid                    0x08004a4b   Thumb Code    12  dunder.o(i.__mathlib_dbl_invalid)
    __mathlib_dbl_underflow                  0x08004a59   Thumb Code    10  dunder.o(i.__mathlib_dbl_underflow)
    _is_digit                                0x08004a69   Thumb Code    14  __printf_wp.o(i._is_digit)
    cos                                      0x08004a79   Thumb Code   148  cos.o(i.cos)
    main                                     0x08004b15   Thumb Code   694  main.o(i.main)
    motor_disable                            0x08004e15   Thumb Code     8  stepper_motor.o(i.motor_disable)
    motor_enable                             0x08004e21   Thumb Code     8  stepper_motor.o(i.motor_enable)
    sin                                      0x08004e2d   Thumb Code   150  sin.o(i.sin)
    step_run                                 0x08004ecd   Thumb Code   136  stepper_motor.o(i.step_run)
    stepper_init                             0x08004f69   Thumb Code    12  stepper_motor.o(i.stepper_init)
    _get_lc_numeric                          0x08004f79   Thumb Code    44  lc_numeric_c.o(locale$$code)
    _get_lc_ctype                            0x08004fa5   Thumb Code    44  lc_ctype_c.o(locale$$code)
    __aeabi_d2f                              0x08004fd1   Thumb Code     0  d2f.o(x$fpl$d2f)
    _d2f                                     0x08004fd1   Thumb Code    98  d2f.o(x$fpl$d2f)
    __aeabi_dadd                             0x08005035   Thumb Code     0  daddsub_clz.o(x$fpl$dadd)
    _dadd                                    0x08005035   Thumb Code   332  daddsub_clz.o(x$fpl$dadd)
    __fpl_dcheck_NaN1                        0x08005185   Thumb Code    10  dcheck1.o(x$fpl$dcheck1)
    __aeabi_ddiv                             0x08005195   Thumb Code     0  ddiv.o(x$fpl$ddiv)
    _ddiv                                    0x08005195   Thumb Code   552  ddiv.o(x$fpl$ddiv)
    __aeabi_d2iz                             0x08005445   Thumb Code     0  dfix.o(x$fpl$dfix)
    _dfix                                    0x08005445   Thumb Code    94  dfix.o(x$fpl$dfix)
    __aeabi_d2uiz                            0x080054a5   Thumb Code     0  dfixu.o(x$fpl$dfixu)
    _dfixu                                   0x080054a5   Thumb Code    90  dfixu.o(x$fpl$dfixu)
    __aeabi_i2d                              0x080054ff   Thumb Code     0  dflt_clz.o(x$fpl$dflt)
    _dflt                                    0x080054ff   Thumb Code    46  dflt_clz.o(x$fpl$dflt)
    __aeabi_ui2d                             0x0800552d   Thumb Code     0  dflt_clz.o(x$fpl$dfltu)
    _dfltu                                   0x0800552d   Thumb Code    38  dflt_clz.o(x$fpl$dfltu)
    __aeabi_dmul                             0x08005555   Thumb Code     0  dmul.o(x$fpl$dmul)
    _dmul                                    0x08005555   Thumb Code   332  dmul.o(x$fpl$dmul)
    __fpl_dnaninf                            0x080056a9   Thumb Code   156  dnaninf.o(x$fpl$dnaninf)
    __fpl_dretinf                            0x08005745   Thumb Code    12  dretinf.o(x$fpl$dretinf)
    __aeabi_drsub                            0x08005751   Thumb Code     0  daddsub_clz.o(x$fpl$drsb)
    _drsb                                    0x08005751   Thumb Code    22  daddsub_clz.o(x$fpl$drsb)
    __aeabi_dsub                             0x08005769   Thumb Code     0  daddsub_clz.o(x$fpl$dsub)
    _dsub                                    0x08005769   Thumb Code   464  daddsub_clz.o(x$fpl$dsub)
    __aeabi_f2d                              0x0800593d   Thumb Code     0  f2d.o(x$fpl$f2d)
    _f2d                                     0x0800593d   Thumb Code    86  f2d.o(x$fpl$f2d)
    __aeabi_fadd                             0x08005995   Thumb Code     0  faddsub_clz.o(x$fpl$fadd)
    _fadd                                    0x08005995   Thumb Code   196  faddsub_clz.o(x$fpl$fadd)
    __fpl_fcheck_NaN1                        0x08005a59   Thumb Code     6  fcheck1.o(x$fpl$fcheck1)
    __fpl_fcmp_Inf                           0x08005a65   Thumb Code    24  fcmpi.o(x$fpl$fcmpinf)
    __aeabi_fdiv                             0x08005a7d   Thumb Code     0  fdiv.o(x$fpl$fdiv)
    _fdiv                                    0x08005a7d   Thumb Code   384  fdiv.o(x$fpl$fdiv)
    __aeabi_f2iz                             0x08005c01   Thumb Code     0  ffix.o(x$fpl$ffix)
    _ffix                                    0x08005c01   Thumb Code    54  ffix.o(x$fpl$ffix)
    __aeabi_f2uiz                            0x08005c39   Thumb Code     0  ffixu.o(x$fpl$ffixu)
    _ffixu                                   0x08005c39   Thumb Code    62  ffixu.o(x$fpl$ffixu)
    __aeabi_i2f                              0x08005c79   Thumb Code     0  fflt_clz.o(x$fpl$fflt)
    _fflt                                    0x08005c79   Thumb Code    48  fflt_clz.o(x$fpl$fflt)
    __aeabi_ui2f                             0x08005ca9   Thumb Code     0  fflt_clz.o(x$fpl$ffltu)
    _ffltu                                   0x08005ca9   Thumb Code    38  fflt_clz.o(x$fpl$ffltu)
    __aeabi_cfcmple                          0x08005cd1   Thumb Code     0  fleqf.o(x$fpl$fleqf)
    _fcmple                                  0x08005cd1   Thumb Code   104  fleqf.o(x$fpl$fleqf)
    __fpl_fcmple_InfNaN                      0x08005d23   Thumb Code     0  fleqf.o(x$fpl$fleqf)
    __aeabi_fmul                             0x08005d39   Thumb Code     0  fmul.o(x$fpl$fmul)
    _fmul                                    0x08005d39   Thumb Code   258  fmul.o(x$fpl$fmul)
    __fpl_fnaninf                            0x08005e3b   Thumb Code   140  fnaninf.o(x$fpl$fnaninf)
    __fpl_fretinf                            0x08005ec7   Thumb Code    10  fretinf.o(x$fpl$fretinf)
    __aeabi_frsub                            0x08005ed1   Thumb Code     0  faddsub_clz.o(x$fpl$frsb)
    _frsb                                    0x08005ed1   Thumb Code    20  faddsub_clz.o(x$fpl$frsb)
    __aeabi_fsub                             0x08005ee5   Thumb Code     0  faddsub_clz.o(x$fpl$fsub)
    _fsub                                    0x08005ee5   Thumb Code   234  faddsub_clz.o(x$fpl$fsub)
    _printf_fp_dec                           0x08005fcf   Thumb Code     4  printf1.o(x$fpl$printf1)
    _printf_fp_hex                           0x08005fd3   Thumb Code     4  printf2.o(x$fpl$printf2)
    __fpl_return_NaN                         0x08005fd7   Thumb Code   100  retnan.o(x$fpl$retnan)
    __ARM_scalbn                             0x0800603b   Thumb Code    92  scalbn.o(x$fpl$scalbn)
    __ARM_scalbnf                            0x08006097   Thumb Code    76  scalbnf.o(x$fpl$scalbnf)
    __fpl_cmpreturn                          0x080060e3   Thumb Code    48  trapv.o(x$fpl$trapveneer)
    __I$use$fp                               0x08006112   Number         0  usenofp.o(x$fpl$usenofp)
    AHBPrescTable                            0x08006124   Data          16  system_stm32f1xx.o(.constdata)
    APBPrescTable                            0x08006134   Data           8  system_stm32f1xx.o(.constdata)
    OLED_F8x16                               0x0800613c   Data        2064  oled_data_ascii.o(.constdata)
    OLED_F6x8                                0x0800694c   Data         570  oled_data_ascii.o(.constdata)
    OLED_CF16x16                             0x08006b86   Data         936  oled_data_hanzi.o(.constdata)
    OLED_CF12x12                             0x08006f2e   Data        1764  oled_data_hanzi_12x12.o(.constdata)
    OLED_CF10x10                             0x08007612   Data          24  oled_data_hanzi_12x12.o(.constdata)
    Cursor                                   0x0800762a   Data           9  oled_data_image.o(.constdata)
    goutou                                   0x08007633   Data         128  oled_data_image.o(.constdata)
    XpWallpaper                              0x080076b3   Data        1024  oled_data_image.o(.constdata)
    Region$$Table$$Base                      0x08007d7c   Number         0  anon$$obj.o(Region$$Table)
    Region$$Table$$Limit                     0x08007d9c   Number         0  anon$$obj.o(Region$$Table)
    __ctype                                  0x08007dc5   Data           0  lc_ctype_c.o(locale$$data)
    timeline                                 0x20000004   Data           4  main.o(.data)
    ccc1                                     0x20000008   Data           8  main.o(.data)
    uwTickFreq                               0x20000010   Data           1  stm32f1xx_hal.o(.data)
    uwTickPrio                               0x20000014   Data           4  stm32f1xx_hal.o(.data)
    uwTick                                   0x20000018   Data           4  stm32f1xx_hal.o(.data)
    SystemCoreClock                          0x2000001c   Data           4  system_stm32f1xx.o(.data)
    Key                                      0x20000020   Data           4  key_operate.o(.data)
    run_s                                    0x20000028   Data           1  stepper_motor.o(.data)
    ver                                      0x20000029   Data           1  stepper_motor.o(.data)
    motor_enable_flag                        0x2000002a   Data           1  stepper_motor.o(.data)
    timclock                                 0x20000030   Data           4  stepper_motor.o(.data)
    speed                                    0x20000034   Data           4  stepper_motor.o(.data)
    run_time                                 0x20000038   Data           4  stepper_motor.o(.data)
    start_time                               0x2000003c   Data           4  stepper_motor.o(.data)
    stop_time                                0x20000040   Data           4  stepper_motor.o(.data)
    addd                                     0x20000048   Data           8  stepper_motor.o(.data)
    smooth_time                              0x20000050   Data           4  stepper_motor.o(.data)
    Smooth                                   0x20000054   Data           4  stepper_motor.o(.data)
    motor                                    0x20000058   Data           2  stepper_motor.o(.data)
    Menu_Global                              0x200000a4   Data          40  menu.o(.data)
    Menu_StartOptionList                     0x200000cc   Data         120  menu_data.o(.data)
    Menu_StartMenu                           0x20000144   Data          36  menu_data.o(.data)
    Menu_ToolsOptionList                     0x20000168   Data         120  menu_data.o(.data)
    Menu_SettingOptionList                   0x20000208   Data          80  menu_setting.o(.data)
    htim3                                    0x2000027c   Data          72  main.o(.bss)
    OLED_DisplayBuf                          0x200002c4   Data        1024  oled.o(.bss)
    __libspace_start                         0x200006c4   Data          96  libspace.o(.bss)
    __temporary_stack_top$libspace           0x20000724   Data           0  libspace.o(.bss)



==============================================================================

Memory Map of the image

  Image Entry point : 0x080000ed

  Load Region LR_IROM1 (Base: 0x08000000, Size: 0x00008144, Max: 0x00010000, ABSOLUTE, COMPRESSED[0x00007f50])

    Execution Region ER_IROM1 (Exec base: 0x08000000, Load base: 0x08000000, Size: 0x00007ec8, Max: 0x00010000, ABSOLUTE)

    Exec Addr    Load Addr    Size         Type   Attr      Idx    E Section Name        Object

    0x08000000   0x08000000   0x000000ec   Data   RO            3    RESET               startup_stm32f103xb.o
    0x080000ec   0x080000ec   0x00000008   Code   RO         3065  * !!!main             c_w.l(__main.o)
    0x080000f4   0x080000f4   0x00000034   Code   RO         3564    !!!scatter          c_w.l(__scatter.o)
    0x08000128   0x08000128   0x0000005a   Code   RO         3562    !!dczerorl2         c_w.l(__dczerorl2.o)
    0x08000182   0x08000182   0x00000002   PAD
    0x08000184   0x08000184   0x0000001c   Code   RO         3566    !!handler_zi        c_w.l(__scatter_zi.o)
    0x080001a0   0x080001a0   0x00000000   Code   RO         3247    .ARM.Collect$$_printf_percent$$00000000  c_w.l(_printf_percent.o)
    0x080001a0   0x080001a0   0x00000006   Code   RO         3236    .ARM.Collect$$_printf_percent$$00000001  c_w.l(_printf_n.o)
    0x080001a6   0x080001a6   0x00000006   Code   RO         3238    .ARM.Collect$$_printf_percent$$00000002  c_w.l(_printf_p.o)
    0x080001ac   0x080001ac   0x00000006   Code   RO         3243    .ARM.Collect$$_printf_percent$$00000003  c_w.l(_printf_f.o)
    0x080001b2   0x080001b2   0x00000006   Code   RO         3244    .ARM.Collect$$_printf_percent$$00000004  c_w.l(_printf_e.o)
    0x080001b8   0x080001b8   0x00000006   Code   RO         3245    .ARM.Collect$$_printf_percent$$00000005  c_w.l(_printf_g.o)
    0x080001be   0x080001be   0x00000006   Code   RO         3246    .ARM.Collect$$_printf_percent$$00000006  c_w.l(_printf_a.o)
    0x080001c4   0x080001c4   0x0000000a   Code   RO         3251    .ARM.Collect$$_printf_percent$$00000007  c_w.l(_printf_ll.o)
    0x080001ce   0x080001ce   0x00000006   Code   RO         3240    .ARM.Collect$$_printf_percent$$00000008  c_w.l(_printf_i.o)
    0x080001d4   0x080001d4   0x00000006   Code   RO         3241    .ARM.Collect$$_printf_percent$$00000009  c_w.l(_printf_d.o)
    0x080001da   0x080001da   0x00000006   Code   RO         3242    .ARM.Collect$$_printf_percent$$0000000A  c_w.l(_printf_u.o)
    0x080001e0   0x080001e0   0x00000006   Code   RO         3239    .ARM.Collect$$_printf_percent$$0000000B  c_w.l(_printf_o.o)
    0x080001e6   0x080001e6   0x00000006   Code   RO         3237    .ARM.Collect$$_printf_percent$$0000000C  c_w.l(_printf_x.o)
    0x080001ec   0x080001ec   0x00000006   Code   RO         3248    .ARM.Collect$$_printf_percent$$0000000D  c_w.l(_printf_lli.o)
    0x080001f2   0x080001f2   0x00000006   Code   RO         3249    .ARM.Collect$$_printf_percent$$0000000E  c_w.l(_printf_lld.o)
    0x080001f8   0x080001f8   0x00000006   Code   RO         3250    .ARM.Collect$$_printf_percent$$0000000F  c_w.l(_printf_llu.o)
    0x080001fe   0x080001fe   0x00000006   Code   RO         3255    .ARM.Collect$$_printf_percent$$00000010  c_w.l(_printf_llo.o)
    0x08000204   0x08000204   0x00000006   Code   RO         3256    .ARM.Collect$$_printf_percent$$00000011  c_w.l(_printf_llx.o)
    0x0800020a   0x0800020a   0x0000000a   Code   RO         3252    .ARM.Collect$$_printf_percent$$00000012  c_w.l(_printf_l.o)
    0x08000214   0x08000214   0x00000006   Code   RO         3234    .ARM.Collect$$_printf_percent$$00000013  c_w.l(_printf_c.o)
    0x0800021a   0x0800021a   0x00000006   Code   RO         3235    .ARM.Collect$$_printf_percent$$00000014  c_w.l(_printf_s.o)
    0x08000220   0x08000220   0x00000006   Code   RO         3253    .ARM.Collect$$_printf_percent$$00000015  c_w.l(_printf_lc.o)
    0x08000226   0x08000226   0x00000006   Code   RO         3254    .ARM.Collect$$_printf_percent$$00000016  c_w.l(_printf_ls.o)
    0x0800022c   0x0800022c   0x00000004   Code   RO         3364    .ARM.Collect$$_printf_percent$$00000017  c_w.l(_printf_percent_end.o)
    0x08000230   0x08000230   0x00000002   Code   RO         3426    .ARM.Collect$$libinit$$00000000  c_w.l(libinit.o)
    0x08000232   0x08000232   0x00000000   Code   RO         3443    .ARM.Collect$$libinit$$00000002  c_w.l(libinit2.o)
    0x08000232   0x08000232   0x00000000   Code   RO         3445    .ARM.Collect$$libinit$$00000004  c_w.l(libinit2.o)
    0x08000232   0x08000232   0x00000000   Code   RO         3448    .ARM.Collect$$libinit$$0000000A  c_w.l(libinit2.o)
    0x08000232   0x08000232   0x00000000   Code   RO         3450    .ARM.Collect$$libinit$$0000000C  c_w.l(libinit2.o)
    0x08000232   0x08000232   0x00000000   Code   RO         3452    .ARM.Collect$$libinit$$0000000E  c_w.l(libinit2.o)
    0x08000232   0x08000232   0x00000006   Code   RO         3453    .ARM.Collect$$libinit$$0000000F  c_w.l(libinit2.o)
    0x08000238   0x08000238   0x00000000   Code   RO         3455    .ARM.Collect$$libinit$$00000011  c_w.l(libinit2.o)
    0x08000238   0x08000238   0x0000000c   Code   RO         3456    .ARM.Collect$$libinit$$00000012  c_w.l(libinit2.o)
    0x08000244   0x08000244   0x00000000   Code   RO         3457    .ARM.Collect$$libinit$$00000013  c_w.l(libinit2.o)
    0x08000244   0x08000244   0x00000000   Code   RO         3459    .ARM.Collect$$libinit$$00000015  c_w.l(libinit2.o)
    0x08000244   0x08000244   0x0000000a   Code   RO         3460    .ARM.Collect$$libinit$$00000016  c_w.l(libinit2.o)
    0x0800024e   0x0800024e   0x00000000   Code   RO         3461    .ARM.Collect$$libinit$$00000017  c_w.l(libinit2.o)
    0x0800024e   0x0800024e   0x00000000   Code   RO         3463    .ARM.Collect$$libinit$$00000019  c_w.l(libinit2.o)
    0x0800024e   0x0800024e   0x00000000   Code   RO         3465    .ARM.Collect$$libinit$$0000001B  c_w.l(libinit2.o)
    0x0800024e   0x0800024e   0x00000000   Code   RO         3467    .ARM.Collect$$libinit$$0000001D  c_w.l(libinit2.o)
    0x0800024e   0x0800024e   0x00000000   Code   RO         3469    .ARM.Collect$$libinit$$0000001F  c_w.l(libinit2.o)
    0x0800024e   0x0800024e   0x00000000   Code   RO         3471    .ARM.Collect$$libinit$$00000021  c_w.l(libinit2.o)
    0x0800024e   0x0800024e   0x00000000   Code   RO         3473    .ARM.Collect$$libinit$$00000023  c_w.l(libinit2.o)
    0x0800024e   0x0800024e   0x00000000   Code   RO         3475    .ARM.Collect$$libinit$$00000025  c_w.l(libinit2.o)
    0x0800024e   0x0800024e   0x00000000   Code   RO         3479    .ARM.Collect$$libinit$$0000002C  c_w.l(libinit2.o)
    0x0800024e   0x0800024e   0x00000000   Code   RO         3481    .ARM.Collect$$libinit$$0000002E  c_w.l(libinit2.o)
    0x0800024e   0x0800024e   0x00000000   Code   RO         3483    .ARM.Collect$$libinit$$00000030  c_w.l(libinit2.o)
    0x0800024e   0x0800024e   0x00000000   Code   RO         3485    .ARM.Collect$$libinit$$00000032  c_w.l(libinit2.o)
    0x0800024e   0x0800024e   0x00000002   Code   RO         3486    .ARM.Collect$$libinit$$00000033  c_w.l(libinit2.o)
    0x08000250   0x08000250   0x00000002   Code   RO         3517    .ARM.Collect$$libshutdown$$00000000  c_w.l(libshutdown.o)
    0x08000252   0x08000252   0x00000000   Code   RO         3543    .ARM.Collect$$libshutdown$$00000002  c_w.l(libshutdown2.o)
    0x08000252   0x08000252   0x00000000   Code   RO         3545    .ARM.Collect$$libshutdown$$00000004  c_w.l(libshutdown2.o)
    0x08000252   0x08000252   0x00000000   Code   RO         3547    .ARM.Collect$$libshutdown$$00000006  c_w.l(libshutdown2.o)
    0x08000252   0x08000252   0x00000000   Code   RO         3550    .ARM.Collect$$libshutdown$$00000009  c_w.l(libshutdown2.o)
    0x08000252   0x08000252   0x00000000   Code   RO         3553    .ARM.Collect$$libshutdown$$0000000C  c_w.l(libshutdown2.o)
    0x08000252   0x08000252   0x00000000   Code   RO         3555    .ARM.Collect$$libshutdown$$0000000E  c_w.l(libshutdown2.o)
    0x08000252   0x08000252   0x00000000   Code   RO         3558    .ARM.Collect$$libshutdown$$00000011  c_w.l(libshutdown2.o)
    0x08000252   0x08000252   0x00000002   Code   RO         3559    .ARM.Collect$$libshutdown$$00000012  c_w.l(libshutdown2.o)
    0x08000254   0x08000254   0x00000000   Code   RO         3159    .ARM.Collect$$rtentry$$00000000  c_w.l(__rtentry.o)
    0x08000254   0x08000254   0x00000000   Code   RO         3328    .ARM.Collect$$rtentry$$00000002  c_w.l(__rtentry2.o)
    0x08000254   0x08000254   0x00000006   Code   RO         3340    .ARM.Collect$$rtentry$$00000004  c_w.l(__rtentry4.o)
    0x0800025a   0x0800025a   0x00000000   Code   RO         3330    .ARM.Collect$$rtentry$$00000009  c_w.l(__rtentry2.o)
    0x0800025a   0x0800025a   0x00000004   Code   RO         3331    .ARM.Collect$$rtentry$$0000000A  c_w.l(__rtentry2.o)
    0x0800025e   0x0800025e   0x00000000   Code   RO         3333    .ARM.Collect$$rtentry$$0000000C  c_w.l(__rtentry2.o)
    0x0800025e   0x0800025e   0x00000008   Code   RO         3334    .ARM.Collect$$rtentry$$0000000D  c_w.l(__rtentry2.o)
    0x08000266   0x08000266   0x00000002   Code   RO         3431    .ARM.Collect$$rtexit$$00000000  c_w.l(rtexit.o)
    0x08000268   0x08000268   0x00000000   Code   RO         3490    .ARM.Collect$$rtexit$$00000002  c_w.l(rtexit2.o)
    0x08000268   0x08000268   0x00000004   Code   RO         3491    .ARM.Collect$$rtexit$$00000003  c_w.l(rtexit2.o)
    0x0800026c   0x0800026c   0x00000006   Code   RO         3492    .ARM.Collect$$rtexit$$00000004  c_w.l(rtexit2.o)
    0x08000272   0x08000272   0x00000002   PAD
    0x08000274   0x08000274   0x00000040   Code   RO            4    .text               startup_stm32f103xb.o
    0x080002b4   0x080002b4   0x000000ee   Code   RO         3051    .text               c_w.l(lludivv7m.o)
    0x080003a2   0x080003a2   0x00000002   PAD
    0x080003a4   0x080003a4   0x00000024   Code   RO         3055    .text               c_w.l(vsprintf.o)
    0x080003c8   0x080003c8   0x0000008a   Code   RO         3057    .text               c_w.l(rt_memcpy_v6.o)
    0x08000452   0x08000452   0x0000004e   Code   RO         3059    .text               c_w.l(rt_memclr_w.o)
    0x080004a0   0x080004a0   0x00000080   Code   RO         3061    .text               c_w.l(strcmpv7m.o)
    0x08000520   0x08000520   0x00000006   Code   RO         3063    .text               c_w.l(heapauxi.o)
    0x08000526   0x08000526   0x00000016   Code   RO         3164    .text               c_w.l(_rserrno.o)
    0x0800053c   0x0800053c   0x0000004e   Code   RO         3168    .text               c_w.l(_printf_pad.o)
    0x0800058a   0x0800058a   0x00000024   Code   RO         3170    .text               c_w.l(_printf_truncate.o)
    0x080005ae   0x080005ae   0x00000052   Code   RO         3172    .text               c_w.l(_printf_str.o)
    0x08000600   0x08000600   0x00000078   Code   RO         3174    .text               c_w.l(_printf_dec.o)
    0x08000678   0x08000678   0x00000028   Code   RO         3176    .text               c_w.l(_printf_charcount.o)
    0x080006a0   0x080006a0   0x00000030   Code   RO         3178    .text               c_w.l(_printf_char_common.o)
    0x080006d0   0x080006d0   0x0000000a   Code   RO         3180    .text               c_w.l(_sputc.o)
    0x080006da   0x080006da   0x00000002   PAD
    0x080006dc   0x080006dc   0x000000bc   Code   RO         3182    .text               c_w.l(_printf_wctomb.o)
    0x08000798   0x08000798   0x0000007c   Code   RO         3185    .text               c_w.l(_printf_longlong_dec.o)
    0x08000814   0x08000814   0x00000070   Code   RO         3191    .text               c_w.l(_printf_oct_int_ll.o)
    0x08000884   0x08000884   0x00000094   Code   RO         3211    .text               c_w.l(_printf_hex_int_ll_ptr.o)
    0x08000918   0x08000918   0x00000188   Code   RO         3231    .text               c_w.l(__printf_flags_ss_wp.o)
    0x08000aa0   0x08000aa0   0x00000064   Code   RO         3257    .text               c_w.l(rt_memcpy_w.o)
    0x08000b04   0x08000b04   0x00000008   Code   RO         3347    .text               c_w.l(rt_errno_addr_intlibspace.o)
    0x08000b0c   0x08000b0c   0x0000008a   Code   RO         3349    .text               c_w.l(lludiv10.o)
    0x08000b96   0x08000b96   0x000000b2   Code   RO         3351    .text               c_w.l(_printf_intcommon.o)
    0x08000c48   0x08000c48   0x0000041e   Code   RO         3353    .text               c_w.l(_printf_fp_dec.o)
    0x08001066   0x08001066   0x00000002   PAD
    0x08001068   0x08001068   0x000002fc   Code   RO         3355    .text               c_w.l(_printf_fp_hex.o)
    0x08001364   0x08001364   0x0000002c   Code   RO         3360    .text               c_w.l(_printf_char.o)
    0x08001390   0x08001390   0x0000002c   Code   RO         3362    .text               c_w.l(_printf_wchar.o)
    0x080013bc   0x080013bc   0x00000040   Code   RO         3365    .text               c_w.l(_wcrtomb.o)
    0x080013fc   0x080013fc   0x00000008   Code   RO         3373    .text               c_w.l(libspace.o)
    0x08001404   0x08001404   0x0000004a   Code   RO         3376    .text               c_w.l(sys_stackheap_outer.o)
    0x0800144e   0x0800144e   0x00000002   PAD
    0x08001450   0x08001450   0x00000010   Code   RO         3378    .text               c_w.l(rt_ctype_table.o)
    0x08001460   0x08001460   0x00000008   Code   RO         3383    .text               c_w.l(rt_locale_intlibspace.o)
    0x08001468   0x08001468   0x00000080   Code   RO         3385    .text               c_w.l(_printf_fp_infnan.o)
    0x080014e8   0x080014e8   0x000000e4   Code   RO         3387    .text               c_w.l(bigflt0.o)
    0x080015cc   0x080015cc   0x00000012   Code   RO         3415    .text               c_w.l(exit.o)
    0x080015de   0x080015de   0x00000002   PAD
    0x080015e0   0x080015e0   0x0000000c   Code   RO         3487    .text               c_w.l(sys_exit.o)
    0x080015ec   0x080015ec   0x00000002   Code   RO         3506    .text               c_w.l(use_no_semi.o)
    0x080015ee   0x080015ee   0x00000000   Code   RO         3508    .text               c_w.l(indicate_semi.o)
    0x080015ee   0x080015ee   0x0000003e   Code   RO         3390    CL$$btod_d2e        c_w.l(btod.o)
    0x0800162c   0x0800162c   0x00000046   Code   RO         3392    CL$$btod_d2e_denorm_low  c_w.l(btod.o)
    0x08001672   0x08001672   0x00000060   Code   RO         3391    CL$$btod_d2e_norm_op1  c_w.l(btod.o)
    0x080016d2   0x080016d2   0x00000338   Code   RO         3400    CL$$btod_div_common  c_w.l(btod.o)
    0x08001a0a   0x08001a0a   0x000000dc   Code   RO         3397    CL$$btod_e2e        c_w.l(btod.o)
    0x08001ae6   0x08001ae6   0x0000002a   Code   RO         3394    CL$$btod_ediv       c_w.l(btod.o)
    0x08001b10   0x08001b10   0x0000002a   Code   RO         3393    CL$$btod_emul       c_w.l(btod.o)
    0x08001b3a   0x08001b3a   0x00000244   Code   RO         3399    CL$$btod_mult_common  c_w.l(btod.o)
    0x08001d7e   0x08001d7e   0x00000002   Code   RO          177    i.BusFault_Handler  stm32f1xx_it.o
    0x08001d80   0x08001d80   0x00000034   Code   RO         2812    i.DWT_CNT_Update    bsp_dwt.o
    0x08001db4   0x08001db4   0x0000003c   Code   RO         2816    i.DWT_GetTimeline_ms  bsp_dwt.o
    0x08001df0   0x08001df0   0x00000048   Code   RO         2819    i.DWT_Init          bsp_dwt.o
    0x08001e38   0x08001e38   0x0000008c   Code   RO         2820    i.DWT_SysTimeUpdate  bsp_dwt.o
    0x08001ec4   0x08001ec4   0x00000002   Code   RO          178    i.DebugMon_Handler  stm32f1xx_it.o
    0x08001ec6   0x08001ec6   0x00000006   Code   RO          179    i.EXTI4_IRQHandler  stm32f1xx_it.o
    0x08001ecc   0x08001ecc   0x00000018   Code   RO          180    i.EXTI9_5_IRQHandler  stm32f1xx_it.o
    0x08001ee4   0x08001ee4   0x00000024   Code   RO         1322    i.HAL_Delay         stm32f1xx_hal.o
    0x08001f08   0x08001f08   0x0000007c   Code   RO         2566    i.HAL_GPIO_EXTI_Callback  key_operate.o
    0x08001f84   0x08001f84   0x00000018   Code   RO         1631    i.HAL_GPIO_EXTI_IRQHandler  stm32f1xx_hal_gpio.o
    0x08001f9c   0x08001f9c   0x000001c0   Code   RO         1632    i.HAL_GPIO_Init     stm32f1xx_hal_gpio.o
    0x0800215c   0x0800215c   0x0000000a   Code   RO         1634    i.HAL_GPIO_ReadPin  stm32f1xx_hal_gpio.o
    0x08002166   0x08002166   0x0000000a   Code   RO         1636    i.HAL_GPIO_WritePin  stm32f1xx_hal_gpio.o
    0x08002170   0x08002170   0x0000000c   Code   RO         1326    i.HAL_GetTick       stm32f1xx_hal.o
    0x0800217c   0x0800217c   0x00000010   Code   RO         1332    i.HAL_IncTick       stm32f1xx_hal.o
    0x0800218c   0x0800218c   0x00000024   Code   RO         1333    i.HAL_Init          stm32f1xx_hal.o
    0x080021b0   0x080021b0   0x00000040   Code   RO         1334    i.HAL_InitTick      stm32f1xx_hal.o
    0x080021f0   0x080021f0   0x0000002c   Code   RO          264    i.HAL_MspInit       stm32f1xx_hal_msp.o
    0x0800221c   0x0800221c   0x0000001a   Code   RO         1792    i.HAL_NVIC_EnableIRQ  stm32f1xx_hal_cortex.o
    0x08002236   0x08002236   0x00000002   PAD
    0x08002238   0x08002238   0x00000040   Code   RO         1798    i.HAL_NVIC_SetPriority  stm32f1xx_hal_cortex.o
    0x08002278   0x08002278   0x00000024   Code   RO         1799    i.HAL_NVIC_SetPriorityGrouping  stm32f1xx_hal_cortex.o
    0x0800229c   0x0800229c   0x0000012c   Code   RO         1490    i.HAL_RCC_ClockConfig  stm32f1xx_hal_rcc.o
    0x080023c8   0x080023c8   0x00000020   Code   RO         1498    i.HAL_RCC_GetPCLK2Freq  stm32f1xx_hal_rcc.o
    0x080023e8   0x080023e8   0x0000004c   Code   RO         1499    i.HAL_RCC_GetSysClockFreq  stm32f1xx_hal_rcc.o
    0x08002434   0x08002434   0x00000320   Code   RO         1502    i.HAL_RCC_OscConfig  stm32f1xx_hal_rcc.o
    0x08002754   0x08002754   0x00000028   Code   RO         1803    i.HAL_SYSTICK_Config  stm32f1xx_hal_cortex.o
    0x0800277c   0x0800277c   0x00000060   Code   RO         1067    i.HAL_TIMEx_MasterConfigSynchronization  stm32f1xx_hal_tim_ex.o
    0x080027dc   0x080027dc   0x0000004c   Code   RO          265    i.HAL_TIM_MspPostInit  stm32f1xx_hal_msp.o
    0x08002828   0x08002828   0x000000cc   Code   RO          416    i.HAL_TIM_PWM_ConfigChannel  stm32f1xx_hal_tim.o
    0x080028f4   0x080028f4   0x0000005a   Code   RO          419    i.HAL_TIM_PWM_Init  stm32f1xx_hal_tim.o
    0x0800294e   0x0800294e   0x00000002   PAD
    0x08002950   0x08002950   0x00000028   Code   RO          267    i.HAL_TIM_PWM_MspInit  stm32f1xx_hal_msp.o
    0x08002978   0x08002978   0x00000094   Code   RO          424    i.HAL_TIM_PWM_Start  stm32f1xx_hal_tim.o
    0x08002a0c   0x08002a0c   0x00000070   Code   RO          427    i.HAL_TIM_PWM_Stop  stm32f1xx_hal_tim.o
    0x08002a7c   0x08002a7c   0x00000002   Code   RO          181    i.HardFault_Handler  stm32f1xx_it.o
    0x08002a7e   0x08002a7e   0x00000002   PAD
    0x08002a80   0x08002a80   0x00000018   Code   RO         2567    i.Key_Back_Get      key_operate.o
    0x08002a98   0x08002a98   0x00000018   Code   RO         2568    i.Key_Down_Get      key_operate.o
    0x08002ab0   0x08002ab0   0x00000018   Code   RO         2569    i.Key_Enter_Get     key_operate.o
    0x08002ac8   0x08002ac8   0x00000018   Code   RO         2571    i.Key_Up_Get        key_operate.o
    0x08002ae0   0x08002ae0   0x000000e4   Code   RO           14    i.MX_GPIO_Init      main.o
    0x08002bc4   0x08002bc4   0x00000070   Code   RO           15    i.MX_TIM3_Init      main.o
    0x08002c34   0x08002c34   0x00000002   Code   RO          182    i.MemManage_Handler  stm32f1xx_it.o
    0x08002c36   0x08002c36   0x00000004   Code   RO         2885    i.Menu_BackEvent    menu.o
    0x08002c3a   0x08002c3a   0x00000046   Code   RO         2886    i.Menu_CurveMigration  menu.o
    0x08002c80   0x08002c80   0x00000004   Code   RO         2887    i.Menu_EnterEvent   menu.o
    0x08002c84   0x08002c84   0x00000024   Code   RO         2888    i.Menu_GetOptionStrLen  menu.o
    0x08002ca8   0x08002ca8   0x000000e8   Code   RO         2976    i.Menu_Information  menu_data.o
    0x08002d90   0x08002d90   0x00000134   Code   RO         2889    i.Menu_MenuClassInit  menu.o
    0x08002ec4   0x08002ec4   0x00000032   Code   RO         2890    i.Menu_PrintfOptionStr  menu.o
    0x08002ef6   0x08002ef6   0x0000001a   Code   RO         2891    i.Menu_RollEvent    menu.o
    0x08002f10   0x08002f10   0x00000038   Code   RO         2977    i.Menu_RunMainMenu  menu_data.o
    0x08002f48   0x08002f48   0x00000020   Code   RO         3021    i.Menu_RunSettingMenu  menu_setting.o
    0x08002f68   0x08002f68   0x00000020   Code   RO         2978    i.Menu_RunToolsMenu  menu_data.o
    0x08002f88   0x08002f88   0x00000294   Code   RO         2892    i.Menu_RunWindow    menu.o
    0x0800321c   0x0800321c   0x000000ec   Code   RO         2894    i.Menu_ShowCursor   menu.o
    0x08003308   0x08003308   0x00000010   Code   RO         2895    i.Menu_ShowWallpaper  menu.o
    0x08003318   0x08003318   0x0000002c   Code   RO         2979    i.Menu_Start        menu_data.o
    0x08003344   0x08003344   0x00000002   Code   RO          183    i.NMI_Handler       stm32f1xx_it.o
    0x08003346   0x08003346   0x00000002   PAD
    0x08003348   0x08003348   0x00000028   Code   RO         2320    i.OLED_Clear        oled.o
    0x08003370   0x08003370   0x00000064   Code   RO         2321    i.OLED_ClearArea    oled.o
    0x080033d4   0x080033d4   0x00000028   Code   RO         2326    i.OLED_DrawPoint    oled.o
    0x080033fc   0x080033fc   0x00000072   Code   RO         2327    i.OLED_DrawRectangle  oled.o
    0x0800346e   0x0800346e   0x00000026   Code   RO         2329    i.OLED_GPIO_Init    oled.o
    0x08003494   0x08003494   0x0000003a   Code   RO         2331    i.OLED_I2C_SendByte  oled.o
    0x080034ce   0x080034ce   0x0000001e   Code   RO         2332    i.OLED_I2C_Start    oled.o
    0x080034ec   0x080034ec   0x00000018   Code   RO         2333    i.OLED_I2C_Stop     oled.o
    0x08003504   0x08003504   0x0000009c   Code   RO         2334    i.OLED_Init         oled.o
    0x080035a0   0x080035a0   0x000000f0   Code   RO         2760    i.OLED_MyShowChinese  oled_patch_byadam.o
    0x08003690   0x08003690   0x00000064   Code   RO         2339    i.OLED_ReverseArea  oled.o
    0x080036f4   0x080036f4   0x00000190   Code   RO         2761    i.OLED_Rotation_Block  oled_patch_byadam.o
    0x08003884   0x08003884   0x00000022   Code   RO         2340    i.OLED_SetCursor    oled.o
    0x080038a6   0x080038a6   0x00000002   PAD
    0x080038a8   0x080038a8   0x0000003c   Code   RO         2342    i.OLED_ShowChar     oled.o
    0x080038e4   0x080038e4   0x00000144   Code   RO         2763    i.OLED_ShowImage    oled_patch_byadam.o
    0x08003a28   0x08003a28   0x000000a8   Code   RO         2764    i.OLED_ShowString   oled_patch_byadam.o
    0x08003ad0   0x08003ad0   0x00000104   Code   RO         2765    i.OLED_ShowStringArea  oled_patch_byadam.o
    0x08003bd4   0x08003bd4   0x00000028   Code   RO         2348    i.OLED_Update       oled.o
    0x08003bfc   0x08003bfc   0x00000010   Code   RO         2351    i.OLED_W_SCL        oled.o
    0x08003c0c   0x08003c0c   0x00000010   Code   RO         2352    i.OLED_W_SDA        oled.o
    0x08003c1c   0x08003c1c   0x00000022   Code   RO         2353    i.OLED_WriteCommand  oled.o
    0x08003c3e   0x08003c3e   0x00000030   Code   RO         2354    i.OLED_WriteData    oled.o
    0x08003c6e   0x08003c6e   0x00000002   Code   RO          184    i.PendSV_Handler    stm32f1xx_it.o
    0x08003c70   0x08003c70   0x00000002   Code   RO          185    i.SVC_Handler       stm32f1xx_it.o
    0x08003c72   0x08003c72   0x00000002   PAD
    0x08003c74   0x08003c74   0x0000007c   Code   RO         3022    i.Set_CursorStyle   menu_setting.o
    0x08003cf0   0x08003cf0   0x000000f4   Code   RO         2632    i.Set_Speed         stepper_motor.o
    0x08003de4   0x08003de4   0x00000100   Code   RO         2633    i.Set_Stop_Time     stepper_motor.o
    0x08003ee4   0x08003ee4   0x000000e4   Code   RO         2634    i.Set_Time          stepper_motor.o
    0x08003fc8   0x08003fc8   0x000000d4   Code   RO         2635    i.Set_Ver_Time      stepper_motor.o
    0x0800409c   0x0800409c   0x000000d4   Code   RO         3023    i.Set_animation_speed  menu_setting.o
    0x08004170   0x08004170   0x0000004c   Code   RO         2636    i.Step_Ver          stepper_motor.o
    0x080041bc   0x080041bc   0x00000004   Code   RO          186    i.SysTick_Handler   stm32f1xx_it.o
    0x080041c0   0x080041c0   0x0000005e   Code   RO           16    i.SystemClock_Config  main.o
    0x0800421e   0x0800421e   0x00000002   Code   RO         2283    i.SystemInit        system_stm32f1xx.o
    0x08004220   0x08004220   0x0000005c   Code   RO          437    i.TIM_Base_SetConfig  stm32f1xx_hal_tim.o
    0x0800427c   0x0800427c   0x0000001a   Code   RO          438    i.TIM_CCxChannelCmd  stm32f1xx_hal_tim.o
    0x08004296   0x08004296   0x00000002   PAD
    0x08004298   0x08004298   0x00000050   Code   RO          450    i.TIM_OC1_SetConfig  stm32f1xx_hal_tim.o
    0x080042e8   0x080042e8   0x00000058   Code   RO          451    i.TIM_OC2_SetConfig  stm32f1xx_hal_tim.o
    0x08004340   0x08004340   0x00000058   Code   RO          452    i.TIM_OC3_SetConfig  stm32f1xx_hal_tim.o
    0x08004398   0x08004398   0x00000044   Code   RO          453    i.TIM_OC4_SetConfig  stm32f1xx_hal_tim.o
    0x080043dc   0x080043dc   0x00000002   Code   RO          187    i.UsageFault_Handler  stm32f1xx_it.o
    0x080043de   0x080043de   0x00000028   Code   RO         3369    i.__ARM_fpclassify  m_ws.l(fpclassify.o)
    0x08004406   0x08004406   0x00000020   Code   RO         1805    i.__NVIC_SetPriority  stm32f1xx_hal_cortex.o
    0x08004426   0x08004426   0x00000002   PAD
    0x08004428   0x08004428   0x00000388   Code   RO         3316    i.__ieee754_rem_pio2  m_ws.l(rred.o)
    0x080047b0   0x080047b0   0x000000fc   Code   RO         3298    i.__kernel_cos      m_ws.l(cos_i.o)
    0x080048ac   0x080048ac   0x000000aa   Code   RO         3371    i.__kernel_poly     m_ws.l(poly.o)
    0x08004956   0x08004956   0x00000002   PAD
    0x08004958   0x08004958   0x000000ec   Code   RO         3321    i.__kernel_sin      m_ws.l(sin_i.o)
    0x08004a44   0x08004a44   0x00000006   Code   RO         3302    i.__mathlib_dbl_infnan  m_ws.l(dunder.o)
    0x08004a4a   0x08004a4a   0x0000000c   Code   RO         3304    i.__mathlib_dbl_invalid  m_ws.l(dunder.o)
    0x08004a56   0x08004a56   0x00000002   PAD
    0x08004a58   0x08004a58   0x00000010   Code   RO         3307    i.__mathlib_dbl_underflow  m_ws.l(dunder.o)
    0x08004a68   0x08004a68   0x0000000e   Code   RO         3224    i._is_digit         c_w.l(__printf_wp.o)
    0x08004a76   0x08004a76   0x00000002   PAD
    0x08004a78   0x08004a78   0x0000009c   Code   RO         3142    i.cos               m_ws.l(cos.o)
    0x08004b14   0x08004b14   0x00000300   Code   RO           17    i.main              main.o
    0x08004e14   0x08004e14   0x0000000c   Code   RO         2637    i.motor_disable     stepper_motor.o
    0x08004e20   0x08004e20   0x0000000c   Code   RO         2638    i.motor_enable      stepper_motor.o
    0x08004e2c   0x08004e2c   0x000000a0   Code   RO         3152    i.sin               m_ws.l(sin.o)
    0x08004ecc   0x08004ecc   0x0000009c   Code   RO         2639    i.step_run          stepper_motor.o
    0x08004f68   0x08004f68   0x00000010   Code   RO         2640    i.stepper_init      stepper_motor.o
    0x08004f78   0x08004f78   0x0000002c   Code   RO         3413    locale$$code        c_w.l(lc_numeric_c.o)
    0x08004fa4   0x08004fa4   0x0000002c   Code   RO         3436    locale$$code        c_w.l(lc_ctype_c.o)
    0x08004fd0   0x08004fd0   0x00000062   Code   RO         3067    x$fpl$d2f           fz_ws.l(d2f.o)
    0x08005032   0x08005032   0x00000002   PAD
    0x08005034   0x08005034   0x00000150   Code   RO         3069    x$fpl$dadd          fz_ws.l(daddsub_clz.o)
    0x08005184   0x08005184   0x00000010   Code   RO         3259    x$fpl$dcheck1       fz_ws.l(dcheck1.o)
    0x08005194   0x08005194   0x000002b0   Code   RO         3076    x$fpl$ddiv          fz_ws.l(ddiv.o)
    0x08005444   0x08005444   0x0000005e   Code   RO         3079    x$fpl$dfix          fz_ws.l(dfix.o)
    0x080054a2   0x080054a2   0x00000002   PAD
    0x080054a4   0x080054a4   0x0000005a   Code   RO         3083    x$fpl$dfixu         fz_ws.l(dfixu.o)
    0x080054fe   0x080054fe   0x0000002e   Code   RO         3088    x$fpl$dflt          fz_ws.l(dflt_clz.o)
    0x0800552c   0x0800552c   0x00000026   Code   RO         3087    x$fpl$dfltu         fz_ws.l(dflt_clz.o)
    0x08005552   0x08005552   0x00000002   PAD
    0x08005554   0x08005554   0x00000154   Code   RO         3095    x$fpl$dmul          fz_ws.l(dmul.o)
    0x080056a8   0x080056a8   0x0000009c   Code   RO         3265    x$fpl$dnaninf       fz_ws.l(dnaninf.o)
    0x08005744   0x08005744   0x0000000c   Code   RO         3267    x$fpl$dretinf       fz_ws.l(dretinf.o)
    0x08005750   0x08005750   0x00000016   Code   RO         3070    x$fpl$drsb          fz_ws.l(daddsub_clz.o)
    0x08005766   0x08005766   0x00000002   PAD
    0x08005768   0x08005768   0x000001d4   Code   RO         3071    x$fpl$dsub          fz_ws.l(daddsub_clz.o)
    0x0800593c   0x0800593c   0x00000056   Code   RO         3099    x$fpl$f2d           fz_ws.l(f2d.o)
    0x08005992   0x08005992   0x00000002   PAD
    0x08005994   0x08005994   0x000000c4   Code   RO         3101    x$fpl$fadd          fz_ws.l(faddsub_clz.o)
    0x08005a58   0x08005a58   0x0000000c   Code   RO         3271    x$fpl$fcheck1       fz_ws.l(fcheck1.o)
    0x08005a64   0x08005a64   0x00000018   Code   RO         3273    x$fpl$fcmpinf       fz_ws.l(fcmpi.o)
    0x08005a7c   0x08005a7c   0x00000184   Code   RO         3108    x$fpl$fdiv          fz_ws.l(fdiv.o)
    0x08005c00   0x08005c00   0x00000036   Code   RO         3111    x$fpl$ffix          fz_ws.l(ffix.o)
    0x08005c36   0x08005c36   0x00000002   PAD
    0x08005c38   0x08005c38   0x0000003e   Code   RO         3115    x$fpl$ffixu         fz_ws.l(ffixu.o)
    0x08005c76   0x08005c76   0x00000002   PAD
    0x08005c78   0x08005c78   0x00000030   Code   RO         3120    x$fpl$fflt          fz_ws.l(fflt_clz.o)
    0x08005ca8   0x08005ca8   0x00000026   Code   RO         3119    x$fpl$ffltu         fz_ws.l(fflt_clz.o)
    0x08005cce   0x08005cce   0x00000002   PAD
    0x08005cd0   0x08005cd0   0x00000068   Code   RO         3125    x$fpl$fleqf         fz_ws.l(fleqf.o)
    0x08005d38   0x08005d38   0x00000102   Code   RO         3127    x$fpl$fmul          fz_ws.l(fmul.o)
    0x08005e3a   0x08005e3a   0x0000008c   Code   RO         3275    x$fpl$fnaninf       fz_ws.l(fnaninf.o)
    0x08005ec6   0x08005ec6   0x0000000a   Code   RO         3277    x$fpl$fretinf       fz_ws.l(fretinf.o)
    0x08005ed0   0x08005ed0   0x00000014   Code   RO         3102    x$fpl$frsb          fz_ws.l(faddsub_clz.o)
    0x08005ee4   0x08005ee4   0x000000ea   Code   RO         3103    x$fpl$fsub          fz_ws.l(faddsub_clz.o)
    0x08005fce   0x08005fce   0x00000004   Code   RO         3279    x$fpl$printf1       fz_ws.l(printf1.o)
    0x08005fd2   0x08005fd2   0x00000004   Code   RO         3281    x$fpl$printf2       fz_ws.l(printf2.o)
    0x08005fd6   0x08005fd6   0x00000064   Code   RO         3367    x$fpl$retnan        fz_ws.l(retnan.o)
    0x0800603a   0x0800603a   0x0000005c   Code   RO         3129    x$fpl$scalbn        fz_ws.l(scalbn.o)
    0x08006096   0x08006096   0x0000004c   Code   RO         3131    x$fpl$scalbnf       fz_ws.l(scalbnf.o)
    0x080060e2   0x080060e2   0x00000030   Code   RO         3429    x$fpl$trapveneer    fz_ws.l(trapv.o)
    0x08006112   0x08006112   0x00000000   Code   RO         3287    x$fpl$usenofp       fz_ws.l(usenofp.o)
    0x08006112   0x08006112   0x00000012   Data   RO         1503    .constdata          stm32f1xx_hal_rcc.o
    0x08006124   0x08006124   0x00000010   Data   RO         2284    .constdata          system_stm32f1xx.o
    0x08006134   0x08006134   0x00000008   Data   RO         2285    .constdata          system_stm32f1xx.o
    0x0800613c   0x0800613c   0x00000810   Data   RO         2715    .constdata          oled_data_ascii.o
    0x0800694c   0x0800694c   0x0000023a   Data   RO         2716    .constdata          oled_data_ascii.o
    0x08006b86   0x08006b86   0x000003a8   Data   RO         2726    .constdata          oled_data_hanzi.o
    0x08006f2e   0x08006f2e   0x000006e4   Data   RO         2735    .constdata          oled_data_hanzi_12x12.o
    0x08007612   0x08007612   0x00000018   Data   RO         2736    .constdata          oled_data_hanzi_12x12.o
    0x0800762a   0x0800762a   0x00000009   Data   RO         2746    .constdata          oled_data_image.o
    0x08007633   0x08007633   0x00000080   Data   RO         2747    .constdata          oled_data_image.o
    0x080076b3   0x080076b3   0x00000400   Data   RO         2748    .constdata          oled_data_image.o
    0x08007ab3   0x08007ab3   0x00000001   PAD
    0x08007ab4   0x08007ab4   0x00000008   Data   RO         3183    .constdata          c_w.l(_printf_wctomb.o)
    0x08007abc   0x08007abc   0x00000028   Data   RO         3212    .constdata          c_w.l(_printf_hex_int_ll_ptr.o)
    0x08007ae4   0x08007ae4   0x00000011   Data   RO         3232    .constdata          c_w.l(__printf_flags_ss_wp.o)
    0x08007af5   0x08007af5   0x00000003   PAD
    0x08007af8   0x08007af8   0x00000030   Data   RO         3299    .constdata          m_ws.l(cos_i.o)
    0x08007b28   0x08007b28   0x000000c8   Data   RO         3318    .constdata          m_ws.l(rred.o)
    0x08007bf0   0x08007bf0   0x00000028   Data   RO         3322    .constdata          m_ws.l(sin_i.o)
    0x08007c18   0x08007c18   0x00000026   Data   RO         3356    .constdata          c_w.l(_printf_fp_hex.o)
    0x08007c3e   0x08007c3e   0x00000002   PAD
    0x08007c40   0x08007c40   0x00000094   Data   RO         3388    .constdata          c_w.l(bigflt0.o)
    0x08007cd4   0x08007cd4   0x00000079   Data   RO         2981    .conststring        menu_data.o
    0x08007d4d   0x08007d4d   0x00000003   PAD
    0x08007d50   0x08007d50   0x00000029   Data   RO         3024    .conststring        menu_setting.o
    0x08007d79   0x08007d79   0x00000003   PAD
    0x08007d7c   0x08007d7c   0x00000020   Data   RO         3560    Region$$Table       anon$$obj.o
    0x08007d9c   0x08007d9c   0x0000001c   Data   RO         3412    locale$$data        c_w.l(lc_numeric_c.o)
    0x08007db8   0x08007db8   0x00000110   Data   RO         3435    locale$$data        c_w.l(lc_ctype_c.o)


    Execution Region RW_IRAM1 (Exec base: 0x20000000, Load base: 0x08007ec8, Size: 0x00000d28, Max: 0x00005000, ABSOLUTE, COMPRESSED[0x00000088])

    Exec Addr    Load Addr    Size         Type   Attr      Idx    E Section Name        Object

    0x20000000   COMPRESSED   0x00000010   Data   RW           19    .data               main.o
    0x20000010   COMPRESSED   0x0000000c   Data   RW         1340    .data               stm32f1xx_hal.o
    0x2000001c   COMPRESSED   0x00000004   Data   RW         2286    .data               system_stm32f1xx.o
    0x20000020   COMPRESSED   0x00000004   Data   RW         2572    .data               key_operate.o
    0x20000024   COMPRESSED   0x00000004   PAD
    0x20000028   COMPRESSED   0x00000028   Data   RW         2641    .data               stepper_motor.o
    0x20000050   COMPRESSED   0x00000004   Data   RW         2642    .data               stepper_motor.o
    0x20000054   COMPRESSED   0x00000004   Data   RW         2643    .data               stepper_motor.o
    0x20000058   COMPRESSED   0x00000002   Data   RW         2644    .data               stepper_motor.o
    0x2000005a   COMPRESSED   0x00000006   PAD
    0x20000060   COMPRESSED   0x00000040   Data   RW         2821    .data               bsp_dwt.o
    0x200000a0   COMPRESSED   0x0000002c   Data   RW         2897    .data               menu.o
    0x200000cc   COMPRESSED   0x00000138   Data   RW         2983    .data               menu_data.o
    0x20000204   COMPRESSED   0x00000078   Data   RW         3025    .data               menu_setting.o
    0x2000027c        -       0x00000048   Zero   RW           18    .bss                main.o
    0x200002c4        -       0x00000400   Zero   RW         2356    .bss                oled.o
    0x200006c4        -       0x00000060   Zero   RW         3374    .bss                c_w.l(libspace.o)
    0x20000724   COMPRESSED   0x00000004   PAD
    0x20000728        -       0x00000200   Zero   RW            2    HEAP                startup_stm32f103xb.o
    0x20000928        -       0x00000400   Zero   RW            1    STACK               startup_stm32f103xb.o


==============================================================================

Image component sizes


      Code (inc. data)   RO Data    RW Data    ZI Data      Debug   Object Name

       324         44          0         64          0       2616   bsp_dwt.o
       220         40          0          4          0       3198   key_operate.o
      1202        100          0         16         72     415384   main.o
      1410         28          0         44          0       8786   menu.o
       364         72        121        312          0       4400   menu_data.o
       368        190         41        120          0       2027   menu_setting.o
       948         46          0          0       1024      10726   oled.o
         0          0       2634          0          0        601   oled_data_ascii.o
         0          0        936          0          0        503   oled_data_hanzi.o
         0          0       1788          0          0        635   oled_data_hanzi_12x12.o
         0          0       1161          0          0        732   oled_data_image.o
      1392         38          0          0          0       5357   oled_patch_byadam.o
        64         26        236          0       1536        788   startup_stm32f103xb.o
      1212        602          0         50          0       5359   stepper_motor.o
       164         28          0         12          0       5389   stm32f1xx_hal.o
       198         14          0          0          0      28815   stm32f1xx_hal_cortex.o
       492         36          0          0          0       3994   stm32f1xx_hal_gpio.o
       160         30          0          0          0       1958   stm32f1xx_hal_msp.o
      1208         72         18          0          0       4449   stm32f1xx_hal_rcc.o
       996         42          0          0          0       8417   stm32f1xx_hal_tim.o
        96         10          0          0          0       1316   stm32f1xx_hal_tim_ex.o
        50          0          0          0          0       4562   stm32f1xx_it.o
         2          0         24          4          0       1055   system_stm32f1xx.o

    ----------------------------------------------------------------------
     10886       1418       6998        636       2632     521067   Object Totals
         0          0         32          0          0          0   (incl. Generated)
        16          0          7         10          0          0   (incl. Padding)

    ----------------------------------------------------------------------

      Code (inc. data)   RO Data    RW Data    ZI Data      Debug   Library Member Name

        90          0          0          0          0          0   __dczerorl2.o
         8          0          0          0          0         68   __main.o
       392          4         17          0          0         92   __printf_flags_ss_wp.o
        14          0          0          0          0         68   __printf_wp.o
         0          0          0          0          0          0   __rtentry.o
        12          0          0          0          0          0   __rtentry2.o
         6          0          0          0          0          0   __rtentry4.o
        52          8          0          0          0          0   __scatter.o
        28          0          0          0          0          0   __scatter_zi.o
         6          0          0          0          0          0   _printf_a.o
         6          0          0          0          0          0   _printf_c.o
        44          0          0          0          0        108   _printf_char.o
        48          6          0          0          0         96   _printf_char_common.o
        40          0          0          0          0         68   _printf_charcount.o
         6          0          0          0          0          0   _printf_d.o
       120         16          0          0          0         92   _printf_dec.o
         6          0          0          0          0          0   _printf_e.o
         6          0          0          0          0          0   _printf_f.o
      1054          0          0          0          0        216   _printf_fp_dec.o
       764          8         38          0          0        100   _printf_fp_hex.o
       128         16          0          0          0         84   _printf_fp_infnan.o
         6          0          0          0          0          0   _printf_g.o
       148          4         40          0          0        160   _printf_hex_int_ll_ptr.o
         6          0          0          0          0          0   _printf_i.o
       178          0          0          0          0         88   _printf_intcommon.o
        10          0          0          0          0          0   _printf_l.o
         6          0          0          0          0          0   _printf_lc.o
        10          0          0          0          0          0   _printf_ll.o
         6          0          0          0          0          0   _printf_lld.o
         6          0          0          0          0          0   _printf_lli.o
         6          0          0          0          0          0   _printf_llo.o
         6          0          0          0          0          0   _printf_llu.o
         6          0          0          0          0          0   _printf_llx.o
       124         16          0          0          0         92   _printf_longlong_dec.o
         6          0          0          0          0          0   _printf_ls.o
         6          0          0          0          0          0   _printf_n.o
         6          0          0          0          0          0   _printf_o.o
       112         10          0          0          0        124   _printf_oct_int_ll.o
         6          0          0          0          0          0   _printf_p.o
        78          0          0          0          0        108   _printf_pad.o
         0          0          0          0          0          0   _printf_percent.o
         4          0          0          0          0          0   _printf_percent_end.o
         6          0          0          0          0          0   _printf_s.o
        82          0          0          0          0         80   _printf_str.o
        36          0          0          0          0         84   _printf_truncate.o
         6          0          0          0          0          0   _printf_u.o
        44          0          0          0          0        108   _printf_wchar.o
       188          6          8          0          0         92   _printf_wctomb.o
         6          0          0          0          0          0   _printf_x.o
        22          0          0          0          0        100   _rserrno.o
        10          0          0          0          0         68   _sputc.o
        64          0          0          0          0         92   _wcrtomb.o
       228          4        148          0          0         96   bigflt0.o
      1936        128          0          0          0        672   btod.o
        18          0          0          0          0         80   exit.o
         6          0          0          0          0        152   heapauxi.o
         0          0          0          0          0          0   indicate_semi.o
        44         10        272          0          0         76   lc_ctype_c.o
        44         10         28          0          0         76   lc_numeric_c.o
         2          0          0          0          0          0   libinit.o
        30          0          0          0          0          0   libinit2.o
         2          0          0          0          0          0   libshutdown.o
         2          0          0          0          0          0   libshutdown2.o
         8          4          0          0         96         68   libspace.o
       138          0          0          0          0         80   lludiv10.o
       238          0          0          0          0        100   lludivv7m.o
        16          4          0          0          0         76   rt_ctype_table.o
         8          4          0          0          0         68   rt_errno_addr_intlibspace.o
         8          4          0          0          0         68   rt_locale_intlibspace.o
        78          0          0          0          0         80   rt_memclr_w.o
       138          0          0          0          0         68   rt_memcpy_v6.o
       100          0          0          0          0         80   rt_memcpy_w.o
         2          0          0          0          0          0   rtexit.o
        10          0          0          0          0          0   rtexit2.o
       128          0          0          0          0         68   strcmpv7m.o
        12          4          0          0          0         68   sys_exit.o
        74          0          0          0          0         80   sys_stackheap_outer.o
         2          0          0          0          0         68   use_no_semi.o
        36          4          0          0          0         76   vsprintf.o
        98          4          0          0          0         92   d2f.o
       826         16          0          0          0        348   daddsub_clz.o
        16          4          0          0          0         68   dcheck1.o
       688        140          0          0          0        208   ddiv.o
        94          4          0          0          0         92   dfix.o
        90          4          0          0          0         92   dfixu.o
        84          0          0          0          0        136   dflt_clz.o
       340         12          0          0          0        104   dmul.o
       156          4          0          0          0         92   dnaninf.o
        12          0          0          0          0         68   dretinf.o
        86          4          0          0          0         84   f2d.o
       450          8          0          0          0        236   faddsub_clz.o
        12          4          0          0          0         68   fcheck1.o
        24          0          0          0          0         68   fcmpi.o
       388         76          0          0          0         96   fdiv.o
        54          4          0          0          0         84   ffix.o
        62          4          0          0          0         84   ffixu.o
        86          0          0          0          0        136   fflt_clz.o
       104          4          0          0          0         84   fleqf.o
       258          4          0          0          0         84   fmul.o
       140          4          0          0          0         84   fnaninf.o
        10          0          0          0          0         68   fretinf.o
         4          0          0          0          0         68   printf1.o
         4          0          0          0          0         68   printf2.o
       100          0          0          0          0         68   retnan.o
        92          0          0          0          0         68   scalbn.o
        76          0          0          0          0         68   scalbnf.o
        48          0          0          0          0         68   trapv.o
         0          0          0          0          0          0   usenofp.o
       156          8          0          0          0        104   cos.o
       252         22         48          0          0        124   cos_i.o
        34          6          0          0          0        204   dunder.o
        40          0          0          0          0         68   fpclassify.o
       170          0          0          0          0         96   poly.o
       904         76        200          0          0        140   rred.o
       160         10          0          0          0        108   sin.o
       236         12         40          0          0        128   sin_i.o

    ----------------------------------------------------------------------
     13728        704        844          0        100       8244   Library Totals
        36          0          5          0          4          0   (incl. Padding)

    ----------------------------------------------------------------------

      Code (inc. data)   RO Data    RW Data    ZI Data      Debug   Library Name

      7338        270        551          0         96       4388   c_w.l
      4402        300          0          0          0       2884   fz_ws.l
      1952        134        288          0          0        972   m_ws.l

    ----------------------------------------------------------------------
     13728        704        844          0        100       8244   Library Totals

    ----------------------------------------------------------------------

==============================================================================


      Code (inc. data)   RO Data    RW Data    ZI Data      Debug   

     24614       2122       7842        636       2732     519427   Grand Totals
     24614       2122       7842        136       2732     519427   ELF Image Totals (compressed)
     24614       2122       7842        136          0          0   ROM Totals

==============================================================================

    Total RO  Size (Code + RO Data)                32456 (  31.70kB)
    Total RW  Size (RW Data + ZI Data)              3368 (   3.29kB)
    Total ROM Size (Code + RO Data + RW Data)      32592 (  31.83kB)

==============================================================================

